main.c:86:5:main	8	static,ignoring_inline_asm
main.c:166:6:SystemClock_Config	136	static
main.c:221:6:HAL_TIM_PeriodElapsedCallback	16	static
main.c:230:6:HAL_GPIO_EXTI_Callback	16	static,ignoring_inline_asm
main.c:245:6:UARTSendDMA	24	static
main.c:256:6:CTBVTFEBV	32	static
main.c:302:9:CheckSum	24	static
main.c:310:6:HoneyWellPressure	16	static
main.c:319:6:HAL_ADC_ConvCpltCallback	24	static
main.c:326:6:HAL_UART_TxCpltCallback	16	static
main.c:334:6:HAL_UART_RxCpltCallback	16	static
main.c:379:6:Error_Handler	4	static
