main.c:86:5:main	8	static,ignoring_inline_asm
main.c:166:6:SystemClock_Config	136	static
main.c:221:6:HAL_TIM_PeriodElapsedCallback	16	static
main.c:230:6:HAL_GPIO_EXTI_Callback	16	static,ignoring_inline_asm
main.c:245:6:UARTSendDMA	24	static
main.c:255:6:CTBVTFEBV	32	static
main.c:301:9:CheckSum	24	static
main.c:309:6:HoneyWellPressure	16	static
main.c:318:6:HAL_ADC_ConvCpltCallback	24	static
main.c:325:6:HAL_UART_TxCpltCallback	16	static
main.c:333:6:HAL_UART_RxCpltCallback	16	static
main.c:378:6:Error_Handler	4	static
