main.c:85:5:main	8	static
main.c:137:6:SystemClock_Config	88	static
main.c:183:13:MX_ADC1_Init	24	static
main.c:233:13:MX_ADC2_Init	24	static
main.c:283:13:MX_DAC_Init	16	static
main.c:327:13:MX_I2C1_Init	8	static
main.c:373:13:MX_TIM1_Init	80	static
main.c:438:13:MX_TIM3_Init	48	static
main.c:487:13:MX_USART1_UART_Init	8	static
main.c:520:13:MX_USART2_UART_Init	8	static
main.c:553:13:MX_USB_OTG_FS_USB_Init	4	static
main.c:574:13:MX_GPIO_Init	56	static
main.c:633:6:Error_Handler	4	static,ignoring_inline_asm
