main.c:88:5:main	8	static
main.c:141:6:SystemClock_Config	88	static
main.c:185:13:MX_ADC1_Init	24	static
main.c:235:13:MX_ADC2_Init	24	static
main.c:285:13:MX_DAC_Init	16	static
main.c:329:13:MX_I2C1_Init	8	static
main.c:375:13:MX_TIM1_Init	80	static
main.c:440:13:MX_TIM3_Init	48	static
main.c:489:13:MX_USART1_UART_Init	8	static
main.c:522:13:MX_USART2_UART_Init	8	static
main.c:555:13:MX_USB_OTG_FS_USB_Init	4	static
main.c:574:13:MX_DMA_Init	16	static
main.c:595:13:MX_GPIO_Init	56	static
main.c:654:6:Error_Handler	4	static,ignoring_inline_asm
