13:24:38 **** Incremental Build of configuration Debug for project USB_test ****
make -j8 all 
arm-none-eabi-gcc "../Core/Src/main.c" -mcpu=cortex-m4 -std=gnu11 -g3 -DUSE_HAL_DRIVER -DDEBUG -DSTM32F407xx -c -I../Core/Inc -I../Drivers/STM32F4xx_HAL_Driver/Inc -I../Drivers/STM32F4xx_HAL_Driver/Inc/Legacy -I../Drivers/CMSIS/Device/ST/STM32F4xx/Include -I../Drivers/CMSIS/Include -I../USB_DEVICE/App -I../USB_DEVICE/Target -I../Middlewares/ST/STM32_USB_Device_Library/Core/Inc -I../Middlewares/ST/STM32_USB_Device_Library/Class/CDC/Inc -I../USB_HOST/App -I../USB_HOST/Target -I../Middlewares/ST/STM32_USB_Host_Library/Core/Inc -I../Middlewares/ST/STM32_USB_Host_Library/Class/CDC/Inc -O0 -ffunction-sections -fdata-sections -Wall -fstack-usage -MMD -MP -MF"Core/Src/main.d" -MT"Core/Src/main.o" --specs=nano.specs -mfpu=fpv4-sp-d16 -mfloat-abi=hard -mthumb -o "Core/Src/main.o"
arm-none-eabi-gcc -o "USB_test.elf" @"objects.list"   -mcpu=cortex-m4 -T"C:\Users\Nanodyn - Spare\OneDrive - Nanodyn\Desktop\Github\Waveform-generator\USB_test\STM32F407VGTX_FLASH.ld" --specs=nosys.specs -Wl,-Map="USB_test.map" -Wl,--gc-sections -static --specs=nano.specs -mfpu=fpv4-sp-d16 -mfloat-abi=hard -mthumb -Wl,--start-group -lc -lm -Wl,--end-group
Finished building target: USB_test.elf
 
arm-none-eabi-objdump -h -S  USB_test.elf  > "USB_test.list"
arm-none-eabi-objcopy  -O binary  USB_test.elf  "USB_test.bin"
arm-none-eabi-size   USB_test.elf 
   text	   data	    bss	    dec	    hex	filename
  34176	    492	   8292	  42960	   a7d0	USB_test.elf
Finished building: default.size.stdout
 
Finished building: USB_test.bin
 
Finished building: USB_test.list
 

13:24:44 Build Finished. 0 errors, 0 warnings. (took 5s.78ms)

