16:36:31 **** Incremental Build of configuration Debug for project Waveform Generator ****
make -j8 all 
arm-none-eabi-gcc "../Core/Src/main.c" -mcpu=cortex-m4 -std=gnu11 -g3 -DUSE_HAL_DRIVER -DDEBUG -DSTM32F439xx -c -I../Drivers/CMSIS/Include -I../Drivers/STM32F4xx_HAL_Driver/Inc -I../Core/Inc -I../Drivers/CMSIS/Device/ST/STM32F4xx/Include -I../Drivers/STM32F4xx_HAL_Driver/Inc/Legacy -O0 -ffunction-sections -fdata-sections -Wall -fstack-usage -MMD -MP -MF"Core/Src/main.d" -MT"Core/Src/main.o" --specs=nano.specs -mfpu=fpv4-sp-d16 -mfloat-abi=hard -mthumb -o "Core/Src/main.o"
arm-none-eabi-gcc -o "Waveform Generator.elf" @"objects.list"   -mcpu=cortex-m4 -T"C:\Users\Nanodyn - Spare\OneDrive - Nanodyn\Desktop\Github\Waveform-generator\Waveform Generator\STM32F439ZITX_FLASH.ld" --specs=nosys.specs -Wl,-Map="Waveform Generator.map" -Wl,--gc-sections -static --specs=nano.specs -mfpu=fpv4-sp-d16 -mfloat-abi=hard -mthumb -Wl,--start-group -lc -lm -Wl,--end-group
Finished building target: Waveform Generator.elf
 
arm-none-eabi-objdump -h -S  Waveform\ Generator.elf  > "Waveform Generator.list"
arm-none-eabi-objcopy  -O binary  Waveform\ Generator.elf  "Waveform Generator.bin"
arm-none-eabi-size   Waveform\ Generator.elf 
   text	   data	    bss	    dec	    hex	filename
  18048	     44	   2556	  20648	   50a8	Waveform Generator.elf
Finished building: default.size.stdout
 
Finished building: Waveform Generator.bin
 
Finished building: Waveform Generator.list
 

16:36:34 Build Finished. 0 errors, 0 warnings. (took 3s.448ms)

