Archive member included to satisfy reference by file (symbol)

c:/st/stm32cubeide_1.3.0/stm32cubeide/plugins/com.st.stm32cube.ide.mcu.externaltools.gnu-tools-for-stm32.7-2018-q2-update.win32_1.5.0.202011040924/tools/bin/../lib/gcc/arm-none-eabi/7.3.1/../../../../arm-none-eabi/lib/thumb/v7e-m/fpv4-sp/hard\libc_nano.a(lib_a-errno.o)
                              Core/Src/syscalls.o (__errno)
c:/st/stm32cubeide_1.3.0/stm32cubeide/plugins/com.st.stm32cube.ide.mcu.externaltools.gnu-tools-for-stm32.7-2018-q2-update.win32_1.5.0.202011040924/tools/bin/../lib/gcc/arm-none-eabi/7.3.1/../../../../arm-none-eabi/lib/thumb/v7e-m/fpv4-sp/hard\libc_nano.a(lib_a-exit.o)
                              c:/st/stm32cubeide_1.3.0/stm32cubeide/plugins/com.st.stm32cube.ide.mcu.externaltools.gnu-tools-for-stm32.7-2018-q2-update.win32_1.5.0.202011040924/tools/bin/../lib/gcc/arm-none-eabi/7.3.1/../../../../arm-none-eabi/lib/thumb/v7e-m/fpv4-sp/hard/crt0.o (exit)
c:/st/stm32cubeide_1.3.0/stm32cubeide/plugins/com.st.stm32cube.ide.mcu.externaltools.gnu-tools-for-stm32.7-2018-q2-update.win32_1.5.0.202011040924/tools/bin/../lib/gcc/arm-none-eabi/7.3.1/../../../../arm-none-eabi/lib/thumb/v7e-m/fpv4-sp/hard\libc_nano.a(lib_a-impure.o)
                              c:/st/stm32cubeide_1.3.0/stm32cubeide/plugins/com.st.stm32cube.ide.mcu.externaltools.gnu-tools-for-stm32.7-2018-q2-update.win32_1.5.0.202011040924/tools/bin/../lib/gcc/arm-none-eabi/7.3.1/../../../../arm-none-eabi/lib/thumb/v7e-m/fpv4-sp/hard\libc_nano.a(lib_a-exit.o) (_global_impure_ptr)
c:/st/stm32cubeide_1.3.0/stm32cubeide/plugins/com.st.stm32cube.ide.mcu.externaltools.gnu-tools-for-stm32.7-2018-q2-update.win32_1.5.0.202011040924/tools/bin/../lib/gcc/arm-none-eabi/7.3.1/../../../../arm-none-eabi/lib/thumb/v7e-m/fpv4-sp/hard\libc_nano.a(lib_a-init.o)
                              c:/st/stm32cubeide_1.3.0/stm32cubeide/plugins/com.st.stm32cube.ide.mcu.externaltools.gnu-tools-for-stm32.7-2018-q2-update.win32_1.5.0.202011040924/tools/bin/../lib/gcc/arm-none-eabi/7.3.1/../../../../arm-none-eabi/lib/thumb/v7e-m/fpv4-sp/hard/crt0.o (__libc_init_array)
c:/st/stm32cubeide_1.3.0/stm32cubeide/plugins/com.st.stm32cube.ide.mcu.externaltools.gnu-tools-for-stm32.7-2018-q2-update.win32_1.5.0.202011040924/tools/bin/../lib/gcc/arm-none-eabi/7.3.1/../../../../arm-none-eabi/lib/thumb/v7e-m/fpv4-sp/hard\libc_nano.a(lib_a-memset.o)
                              c:/st/stm32cubeide_1.3.0/stm32cubeide/plugins/com.st.stm32cube.ide.mcu.externaltools.gnu-tools-for-stm32.7-2018-q2-update.win32_1.5.0.202011040924/tools/bin/../lib/gcc/arm-none-eabi/7.3.1/../../../../arm-none-eabi/lib/thumb/v7e-m/fpv4-sp/hard/crt0.o (memset)
c:/st/stm32cubeide_1.3.0/stm32cubeide/plugins/com.st.stm32cube.ide.mcu.externaltools.gnu-tools-for-stm32.7-2018-q2-update.win32_1.5.0.202011040924/tools/bin/../lib/gcc/arm-none-eabi/7.3.1/thumb/v7e-m/fpv4-sp/hard\libgcc.a(_arm_addsubdf3.o)
                              Core/Src/main.o (__aeabi_dsub)
c:/st/stm32cubeide_1.3.0/stm32cubeide/plugins/com.st.stm32cube.ide.mcu.externaltools.gnu-tools-for-stm32.7-2018-q2-update.win32_1.5.0.202011040924/tools/bin/../lib/gcc/arm-none-eabi/7.3.1/thumb/v7e-m/fpv4-sp/hard\libgcc.a(_arm_muldivdf3.o)
                              Core/Src/main.o (__aeabi_dmul)
c:/st/stm32cubeide_1.3.0/stm32cubeide/plugins/com.st.stm32cube.ide.mcu.externaltools.gnu-tools-for-stm32.7-2018-q2-update.win32_1.5.0.202011040924/tools/bin/../lib/gcc/arm-none-eabi/7.3.1/thumb/v7e-m/fpv4-sp/hard\libgcc.a(_arm_fixunsdfsi.o)
                              Core/Src/main.o (__aeabi_d2uiz)
c:/st/stm32cubeide_1.3.0/stm32cubeide/plugins/com.st.stm32cube.ide.mcu.externaltools.gnu-tools-for-stm32.7-2018-q2-update.win32_1.5.0.202011040924/tools/bin/../lib/gcc/arm-none-eabi/7.3.1/thumb/v7e-m/fpv4-sp/hard\libgcc.a(_arm_truncdfsf2.o)
                              Core/Src/main.o (__aeabi_d2f)
c:/st/stm32cubeide_1.3.0/stm32cubeide/plugins/com.st.stm32cube.ide.mcu.externaltools.gnu-tools-for-stm32.7-2018-q2-update.win32_1.5.0.202011040924/tools/bin/../lib/gcc/arm-none-eabi/7.3.1/thumb/v7e-m/fpv4-sp/hard\libgcc.a(_aeabi_uldivmod.o)
                              Drivers/STM32F4xx_HAL_Driver/Src/stm32f4xx_hal_rcc.o (__aeabi_uldivmod)
c:/st/stm32cubeide_1.3.0/stm32cubeide/plugins/com.st.stm32cube.ide.mcu.externaltools.gnu-tools-for-stm32.7-2018-q2-update.win32_1.5.0.202011040924/tools/bin/../lib/gcc/arm-none-eabi/7.3.1/thumb/v7e-m/fpv4-sp/hard\libgcc.a(_udivmoddi4.o)
                              c:/st/stm32cubeide_1.3.0/stm32cubeide/plugins/com.st.stm32cube.ide.mcu.externaltools.gnu-tools-for-stm32.7-2018-q2-update.win32_1.5.0.202011040924/tools/bin/../lib/gcc/arm-none-eabi/7.3.1/thumb/v7e-m/fpv4-sp/hard\libgcc.a(_aeabi_uldivmod.o) (__udivmoddi4)
c:/st/stm32cubeide_1.3.0/stm32cubeide/plugins/com.st.stm32cube.ide.mcu.externaltools.gnu-tools-for-stm32.7-2018-q2-update.win32_1.5.0.202011040924/tools/bin/../lib/gcc/arm-none-eabi/7.3.1/thumb/v7e-m/fpv4-sp/hard\libgcc.a(_dvmd_tls.o)
[...]
Memory Configuration

Name             Origin             Length             Attributes
CCMRAM           0x0000000010000000 0x0000000000010000 xrw
RAM              0x0000000020000000 0x0000000000030000 xrw
FLASH            0x0000000008000000 0x0000000000200000 xr
*default*        0x0000000000000000 0xffffffffffffffff

Linker script and memory map

LOAD c:/st/stm32cubeide_1.3.0/stm32cubeide/plugins/com.st.stm32cube.ide.mcu.externaltools.gnu-tools-for-stm32.7-2018-q2-update.win32_1.5.0.202011040924/tools/bin/../lib/gcc/arm-none-eabi/7.3.1/thumb/v7e-m/fpv4-sp/hard/crti.o
LOAD c:/st/stm32cubeide_1.3.0/stm32cubeide/plugins/com.st.stm32cube.ide.mcu.externaltools.gnu-tools-for-stm32.7-2018-q2-update.win32_1.5.0.202011040924/tools/bin/../lib/gcc/arm-none-eabi/7.3.1/thumb/v7e-m/fpv4-sp/hard/crtbegin.o
LOAD c:/st/stm32cubeide_1.3.0/stm32cubeide/plugins/com.st.stm32cube.ide.mcu.externaltools.gnu-tools-for-stm32.7-2018-q2-update.win32_1.5.0.202011040924/tools/bin/../lib/gcc/arm-none-eabi/7.3.1/../../../../arm-none-eabi/lib/thumb/v7e-m/fpv4-sp/hard/crt0.o
LOAD Core/Src/UART_Commands.o
LOAD Core/Src/adc.o
LOAD Core/Src/dac.o
LOAD Core/Src/dma.o
LOAD Core/Src/gpio.o
LOAD Core/Src/i2c.o
LOAD Core/Src/main.o
LOAD Core/Src/rtc.o
LOAD Core/Src/sfm3000.o
LOAD Core/Src/stm32f4xx_hal_msp.o
LOAD Core/Src/stm32f4xx_it.o
LOAD Core/Src/syscalls.o
LOAD Core/Src/sysmem.o
LOAD Core/Src/system_stm32f4xx.o
LOAD Core/Src/usart.o
LOAD Core/Startup/startup_stm32f439zitx.o
LOAD Drivers/STM32F4xx_HAL_Driver/Src/stm32f4xx_hal.o
LOAD Drivers/STM32F4xx_HAL_Driver/Src/stm32f4xx_hal_adc.o
LOAD Drivers/STM32F4xx_HAL_Driver/Src/stm32f4xx_hal_adc_ex.o
LOAD Drivers/STM32F4xx_HAL_Driver/Src/stm32f4xx_hal_cortex.o
LOAD Drivers/STM32F4xx_HAL_Driver/Src/stm32f4xx_hal_dac.o
LOAD Drivers/STM32F4xx_HAL_Driver/Src/stm32f4xx_hal_dac_ex.o
LOAD Drivers/STM32F4xx_HAL_Driver/Src/stm32f4xx_hal_dma.o
LOAD Drivers/STM32F4xx_HAL_Driver/Src/stm32f4xx_hal_dma_ex.o
LOAD Drivers/STM32F4xx_HAL_Driver/Src/stm32f4xx_hal_exti.o
LOAD Drivers/STM32F4xx_HAL_Driver/Src/stm32f4xx_hal_flash.o
LOAD Drivers/STM32F4xx_HAL_Driver/Src/stm32f4xx_hal_flash_ex.o
LOAD Drivers/STM32F4xx_HAL_Driver/Src/stm32f4xx_hal_flash_ramfunc.o
LOAD Drivers/STM32F4xx_HAL_Driver/Src/stm32f4xx_hal_gpio.o
LOAD Drivers/STM32F4xx_HAL_Driver/Src/stm32f4xx_hal_i2c.o
LOAD Drivers/STM32F4xx_HAL_Driver/Src/stm32f4xx_hal_i2c_ex.o
LOAD Drivers/STM32F4xx_HAL_Driver/Src/stm32f4xx_hal_pwr.o
LOAD Drivers/STM32F4xx_HAL_Driver/Src/stm32f4xx_hal_pwr_ex.o
LOAD Drivers/STM32F4xx_HAL_Driver/Src/stm32f4xx_hal_rcc.o
LOAD Drivers/STM32F4xx_HAL_Driver/Src/stm32f4xx_hal_rcc_ex.o
LOAD Drivers/STM32F4xx_HAL_Driver/Src/stm32f4xx_hal_rtc.o
LOAD Drivers/STM32F4xx_HAL_Driver/Src/stm32f4xx_hal_rtc_ex.o
LOAD Drivers/STM32F4xx_HAL_Driver/Src/stm32f4xx_hal_tim.o
LOAD Drivers/STM32F4xx_HAL_Driver/Src/stm32f4xx_hal_tim_ex.o
LOAD Drivers/STM32F4xx_HAL_Driver/Src/stm32f4xx_hal_uart.o
START GROUP
LOAD c:/st/stm32cubeide_1.3.0/stm32cubeide/plugins/com.st.stm32cube.ide.mcu.externaltools.gnu-tools-for-stm32.7-2018-q2-update.win32_1.5.0.202011040924/tools/bin/../lib/gcc/arm-none-eabi/7.3.1/../../../../arm-none-eabi/lib/thumb/v7e-m/fpv4-sp/hard\libc_nano.a
LOAD c:/st/stm32cubeide_1.3.0/stm32cubeide/plugins/com.st.stm32cube.ide.mcu.externaltools.gnu-tools-for-stm32.7-2018-q2-update.win32_1.5.0.202011040924/tools/bin/../lib/gcc/arm-none-eabi/7.3.1/../../../../arm-none-eabi/lib/thumb/v7e-m/fpv4-sp/hard\libm.a
END GROUP
START GROUP
LOAD c:/st/stm32cubeide_1.3.0/stm32cubeide/plugins/com.st.stm32cube.ide.mcu.externaltools.gnu-tools-for-stm32.7-2018-q2-update.win32_1.5.0.202011040924/tools/bin/../lib/gcc/arm-none-eabi/7.3.1/thumb/v7e-m/fpv4-sp/hard\libgcc.a
LOAD c:/st/stm32cubeide_1.3.0/stm32cubeide/plugins/com.st.stm32cube.ide.mcu.externaltools.gnu-tools-for-stm32.7-2018-q2-update.win32_1.5.0.202011040924/tools/bin/../lib/gcc/arm-none-eabi/7.3.1/../../../../arm-none-eabi/lib/thumb/v7e-m/fpv4-sp/hard\libc_nano.a
END GROUP
START GROUP
LOAD c:/st/stm32cubeide_1.3.0/stm32cubeide/plugins/com.st.stm32cube.ide.mcu.externaltools.gnu-tools-for-stm32.7-2018-q2-update.win32_1.5.0.202011040924/tools/bin/../lib/gcc/arm-none-eabi/7.3.1/thumb/v7e-m/fpv4-sp/hard\libgcc.a
LOAD c:/st/stm32cubeide_1.3.0/stm32cubeide/plugins/com.st.stm32cube.ide.mcu.externaltools.gnu-tools-for-stm32.7-2018-q2-update.win32_1.5.0.202011040924/tools/bin/../lib/gcc/arm-none-eabi/7.3.1/../../../../arm-none-eabi/lib/thumb/v7e-m/fpv4-sp/hard\libc_nano.a
LOAD c:/st/stm32cubeide_1.3.0/stm32cubeide/plugins/com.st.stm32cube.ide.mcu.externaltools.gnu-tools-for-stm32.7-2018-q2-update.win32_1.5.0.202011040924/tools/bin/../lib/gcc/arm-none-eabi/7.3.1/../../../../arm-none-eabi/lib/thumb/v7e-m/fpv4-sp/hard\libnosys.a
END GROUP
START GROUP
LOAD c:/st/stm32cubeide_1.3.0/stm32cubeide/plugins/com.st.stm32cube.ide.mcu.externaltools.gnu-tools-for-stm32.7-2018-q2-update.win32_1.5.0.202011040924/tools/bin/../lib/gcc/arm-none-eabi/7.3.1/thumb/v7e-m/fpv4-sp/hard\libgcc.a
LOAD c:/st/stm32cubeide_1.3.0/stm32cubeide/plugins/com.st.stm32cube.ide.mcu.externaltools.gnu-tools-for-stm32.7-2018-q2-update.win32_1.5.0.202011040924/tools/bin/../lib/gcc/arm-none-eabi/7.3.1/../../../../arm-none-eabi/lib/thumb/v7e-m/fpv4-sp/hard\libc_nano.a
LOAD c:/st/stm32cubeide_1.3.0/stm32cubeide/plugins/com.st.stm32cube.ide.mcu.externaltools.gnu-tools-for-stm32.7-2018-q2-update.win32_1.5.0.202011040924/tools/bin/../lib/gcc/arm-none-eabi/7.3.1/../../../../arm-none-eabi/lib/thumb/v7e-m/fpv4-sp/hard\libnosys.a
END GROUP
LOAD c:/st/stm32cubeide_1.3.0/stm32cubeide/plugins/com.st.stm32cube.ide.mcu.externaltools.gnu-tools-for-stm32.7-2018-q2-update.win32_1.5.0.202011040924/tools/bin/../lib/gcc/arm-none-eabi/7.3.1/thumb/v7e-m/fpv4-sp/hard/crtend.o
LOAD c:/st/stm32cubeide_1.3.0/stm32cubeide/plugins/com.st.stm32cube.ide.mcu.externaltools.gnu-tools-for-stm32.7-2018-q2-update.win32_1.5.0.202011040924/tools/bin/../lib/gcc/arm-none-eabi/7.3.1/thumb/v7e-m/fpv4-sp/hard/crtn.o
                0x0000000020030000                _estack = (ORIGIN (RAM) + LENGTH (RAM))
                0x0000000000000200                _Min_Heap_Size = 0x200
                0x0000000000000400                _Min_Stack_Size = 0x400

.isr_vector     0x0000000008000000      0x1ac
                0x0000000008000000                . = ALIGN (0x4)
 *(.isr_vector)
 .isr_vector    0x0000000008000000      0x1ac Core/Startup/startup_stm32f439zitx.o
                0x0000000008000000                g_pfnVectors
                0x00000000080001ac                . = ALIGN (0x4)

.text           0x00000000080001b0     0x7558
                0x00000000080001b0                . = ALIGN (0x4)
 *(.text)
 .text          0x00000000080001b0       0x40 c:/st/stm32cubeide_1.3.0/stm32cubeide/plugins/com.st.stm32cube.ide.mcu.externaltools.gnu-tools-for-stm32.7-2018-q2-update.win32_1.5.0.202011040924/tools/bin/../lib/gcc/arm-none-eabi/7.3.1/thumb/v7e-m/fpv4-sp/hard/crtbegin.o
 .text          0x00000000080001f0      0x378 c:/st/stm32cubeide_1.3.0/stm32cubeide/plugins/com.st.stm32cube.ide.mcu.externaltools.gnu-tools-for-stm32.7-2018-q2-update.win32_1.5.0.202011040924/tools/bin/../lib/gcc/arm-none-eabi/7.3.1/thumb/v7e-m/fpv4-sp/hard\libgcc.a(_arm_addsubdf3.o)
                0x00000000080001f0                __aeabi_drsub
                0x00000000080001f8                __aeabi_dsub
                0x00000000080001f8                __subdf3
                0x00000000080001fc                __aeabi_dadd
                0x00000000080001fc                __adddf3
                0x0000000008000474                __floatunsidf
                0x0000000008000474                __aeabi_ui2d
                0x0000000008000494                __floatsidf
                0x0000000008000494                __aeabi_i2d
                0x00000000080004b8                __aeabi_f2d
                0x00000000080004b8                __extendsfdf2
                0x00000000080004fc                __floatundidf
                0x00000000080004fc                __aeabi_ul2d
                0x000000000800050c                __floatdidf
                0x000000000800050c                __aeabi_l2d
 .text          0x0000000008000568      0x424 c:/st/stm32cubeide_1.3.0/stm32cubeide/plugins/com.st.stm32cube.ide.mcu.externaltools.gnu-tools-for-stm32.7-2018-q2-update.win32_1.5.0.202011040924/tools/bin/../lib/gcc/arm-none-eabi/7.3.1/thumb/v7e-m/fpv4-sp/hard\libgcc.a(_arm_muldivdf3.o)
                0x0000000008000568                __aeabi_dmul
                0x0000000008000568                __muldf3
                0x00000000080007bc                __divdf3
                0x00000000080007bc                __aeabi_ddiv
 .text          0x000000000800098c       0x40 c:/st/stm32cubeide_1.3.0/stm32cubeide/plugins/com.st.stm32cube.ide.mcu.externaltools.gnu-tools-for-stm32.7-2018-q2-update.win32_1.5.0.202011040924/tools/bin/../lib/gcc/arm-none-eabi/7.3.1/thumb/v7e-m/fpv4-sp/hard\libgcc.a(_arm_fixunsdfsi.o)
                0x000000000800098c                __aeabi_d2uiz
                0x000000000800098c                __fixunsdfsi
 .text          0x00000000080009cc       0xa0 c:/st/stm32cubeide_1.3.0/stm32cubeide/plugins/com.st.stm32cube.ide.mcu.externaltools.gnu-tools-for-stm32.7-2018-q2-update.win32_1.5.0.202011040924/tools/bin/../lib/gcc/arm-none-eabi/7.3.1/thumb/v7e-m/fpv4-sp/hard\libgcc.a(_arm_truncdfsf2.o)
                0x00000000080009cc                __truncdfsf2
                0x00000000080009cc                __aeabi_d2f
 .text          0x0000000008000a6c       0x30 c:/st/stm32cubeide_1.3.0/stm32cubeide/plugins/com.st.stm32cube.ide.mcu.externaltools.gnu-tools-for-stm32.7-2018-q2-update.win32_1.5.0.202011040924/tools/bin/../lib/gcc/arm-none-eabi/7.3.1/thumb/v7e-m/fpv4-sp/hard\libgcc.a(_aeabi_uldivmod.o)
                0x0000000008000a6c                __aeabi_uldivmod
 .text          0x0000000008000a9c      0x2cc c:/st/stm32cubeide_1.3.0/stm32cubeide/plugins/com.st.stm32cube.ide.mcu.externaltools.gnu-tools-for-stm32.7-2018-q2-update.win32_1.5.0.202011040924/tools/bin/../lib/gcc/arm-none-eabi/7.3.1/thumb/v7e-m/fpv4-sp/hard\libgcc.a(_udivmoddi4.o)
                0x0000000008000a9c                __udivmoddi4
 .text          0x0000000008000d68        0x4 c:/st/stm32cubeide_1.3.0/stm32cubeide/plugins/com.st.stm32cube.ide.mcu.externaltools.gnu-tools-for-stm32.7-2018-q2-update.win32_1.5.0.202011040924/tools/bin/../lib/gcc/arm-none-eabi/7.3.1/thumb/v7e-m/fpv4-sp/hard\libgcc.a(_dvmd_tls.o)
                0x0000000008000d68                __aeabi_idiv0
                0x0000000008000d68                __aeabi_ldiv0
 *(.text*)
 .text.MX_ADC1_Init
                0x0000000008000d6c       0xa4 Core/Src/adc.o
                0x0000000008000d6c                MX_ADC1_Init
 .text.HAL_ADC_MspInit
                0x0000000008000e10      0x100 Core/Src/adc.o
                0x0000000008000e10                HAL_ADC_MspInit
 .text.MX_DAC_Init
                0x0000000008000f10       0x68 Core/Src/dac.o
                0x0000000008000f10                MX_DAC_Init
 .text.HAL_DAC_MspInit
                0x0000000008000f78       0x88 Core/Src/dac.o
                0x0000000008000f78                HAL_DAC_MspInit
 .text.MX_DMA_Init
                0x0000000008001000       0x9c Core/Src/dma.o
                0x0000000008001000                MX_DMA_Init
 .text.MX_GPIO_Init
                0x000000000800109c      0x1b4 Core/Src/gpio.o
                0x000000000800109c                MX_GPIO_Init
 .text.MX_I2C1_Init
                0x0000000008001250       0x80 Core/Src/i2c.o
                0x0000000008001250                MX_I2C1_Init
 .text.MX_I2C3_Init
                0x00000000080012d0       0x80 Core/Src/i2c.o
                0x00000000080012d0                MX_I2C3_Init
 .text.HAL_I2C_MspInit
                0x0000000008001350      0x140 Core/Src/i2c.o
                0x0000000008001350                HAL_I2C_MspInit
 .text.main     0x0000000008001490      0x1dc Core/Src/main.o
                0x0000000008001490                main
 .text.SystemClock_Config
                0x000000000800166c      0x110 Core/Src/main.o
                0x000000000800166c                SystemClock_Config
 *fill*         0x000000000800177c        0x4 
 .text.initializations
                0x0000000008001780      0x204 Core/Src/main.o
                0x0000000008001780                initializations
 .text.HAL_GPIO_EXTI_Callback
                0x0000000008001984      0x13c Core/Src/main.o
                0x0000000008001984                HAL_GPIO_EXTI_Callback
 .text.IntegrationForVolume
                0x0000000008001ac0       0xe0 Core/Src/main.o
                0x0000000008001ac0                IntegrationForVolume
 .text.TMCL_UART_Message
                0x0000000008001ba0       0xf0 Core/Src/main.o
                0x0000000008001ba0                TMCL_UART_Message
 .text.SensirionFlowSensor
                0x0000000008001c90       0xc0 Core/Src/main.o
                0x0000000008001c90                SensirionFlowSensor
 .text.UARTSendDMA
                0x0000000008001d50       0xe4 Core/Src/main.o
                0x0000000008001d50                UARTSendDMA
 .text.CTBVTFEBV
                0x0000000008001e34      0x11c Core/Src/main.o
                0x0000000008001e34                CTBVTFEBV
 .text.CheckSum
                0x0000000008001f50       0x3a Core/Src/main.o
                0x0000000008001f50                CheckSum
 .text.HoneyWellPressure
                0x0000000008001f8a       0x66 Core/Src/main.o
                0x0000000008001f8a                HoneyWellPressure
 .text.HAL_ADC_ConvCpltCallback
                0x0000000008001ff0       0x88 Core/Src/main.o
                0x0000000008001ff0                HAL_ADC_ConvCpltCallback
 .text.HAL_UART_TxCpltCallback
                0x0000000008002078       0x14 Core/Src/main.o
                0x0000000008002078                HAL_UART_TxCpltCallback
 .text.HAL_UART_RxCpltCallback
                0x000000000800208c       0x50 Core/Src/main.o
                0x000000000800208c                HAL_UART_RxCpltCallback
 .text.I2C_read
                0x00000000080020dc       0x74 Core/Src/main.o
                0x00000000080020dc                I2C_read
 .text.Error_Handler
                0x0000000008002150        0xe Core/Src/main.o
                0x0000000008002150                Error_Handler
 *fill*         0x000000000800215e        0x2 
 .text.MX_RTC_Init
                0x0000000008002160       0x4c Core/Src/rtc.o
                0x0000000008002160                MX_RTC_Init
 .text.HAL_RTC_MspInit
                0x00000000080021ac       0x2c Core/Src/rtc.o
                0x00000000080021ac                HAL_RTC_MspInit
 .text.sfm3000initFlow
                0x00000000080021d8       0x24 Core/Src/sfm3000.o
                0x00000000080021d8                sfm3000initFlow
 .text.I2CwriteBytes
                0x00000000080021fc       0x34 Core/Src/sfm3000.o
                0x00000000080021fc                I2CwriteBytes
 .text.HAL_MspInit
                0x0000000008002230       0x50 Core/Src/stm32f4xx_hal_msp.o
                0x0000000008002230                HAL_MspInit
 .text.NMI_Handler
                0x0000000008002280        0xe Core/Src/stm32f4xx_it.o
                0x0000000008002280                NMI_Handler
 .text.HardFault_Handler
                0x000000000800228e        0x6 Core/Src/stm32f4xx_it.o
                0x000000000800228e                HardFault_Handler
 .text.MemManage_Handler
                0x0000000008002294        0x6 Core/Src/stm32f4xx_it.o
                0x0000000008002294                MemManage_Handler
 .text.BusFault_Handler
                0x000000000800229a        0x6 Core/Src/stm32f4xx_it.o
                0x000000000800229a                BusFault_Handler
 .text.UsageFault_Handler
                0x00000000080022a0        0x6 Core/Src/stm32f4xx_it.o
                0x00000000080022a0                UsageFault_Handler
 .text.SVC_Handler
                0x00000000080022a6        0xe Core/Src/stm32f4xx_it.o
                0x00000000080022a6                SVC_Handler
 .text.DebugMon_Handler
                0x00000000080022b4        0xe Core/Src/stm32f4xx_it.o
                0x00000000080022b4                DebugMon_Handler
 .text.PendSV_Handler
                0x00000000080022c2        0xe Core/Src/stm32f4xx_it.o
                0x00000000080022c2                PendSV_Handler
 .text.SysTick_Handler
                0x00000000080022d0        0xc Core/Src/stm32f4xx_it.o
                0x00000000080022d0                SysTick_Handler
 .text.DMA1_Stream5_IRQHandler
                0x00000000080022dc       0x14 Core/Src/stm32f4xx_it.o
                0x00000000080022dc                DMA1_Stream5_IRQHandler
 .text.DMA1_Stream6_IRQHandler
                0x00000000080022f0       0x14 Core/Src/stm32f4xx_it.o
                0x00000000080022f0                DMA1_Stream6_IRQHandler
 .text.ADC_IRQHandler
                0x0000000008002304       0x14 Core/Src/stm32f4xx_it.o
                0x0000000008002304                ADC_IRQHandler
 .text.EXTI9_5_IRQHandler
                0x0000000008002318        0xe Core/Src/stm32f4xx_it.o
                0x0000000008002318                EXTI9_5_IRQHandler
 *fill*         0x0000000008002326        0x2 
 .text.USART1_IRQHandler
                0x0000000008002328       0x14 Core/Src/stm32f4xx_it.o
                0x0000000008002328                USART1_IRQHandler
 .text.USART2_IRQHandler
                0x000000000800233c       0x14 Core/Src/stm32f4xx_it.o
                0x000000000800233c                USART2_IRQHandler
 .text.EXTI15_10_IRQHandler
                0x0000000008002350       0x10 Core/Src/stm32f4xx_it.o
                0x0000000008002350                EXTI15_10_IRQHandler
 .text.DMA2_Stream0_IRQHandler
                0x0000000008002360       0x14 Core/Src/stm32f4xx_it.o
                0x0000000008002360                DMA2_Stream0_IRQHandler
 .text.DMA2_Stream2_IRQHandler
                0x0000000008002374       0x14 Core/Src/stm32f4xx_it.o
                0x0000000008002374                DMA2_Stream2_IRQHandler
 .text.DMA2_Stream7_IRQHandler
                0x0000000008002388       0x14 Core/Src/stm32f4xx_it.o
                0x0000000008002388                DMA2_Stream7_IRQHandler
 .text.SystemInit
                0x000000000800239c       0x2c Core/Src/system_stm32f4xx.o
                0x000000000800239c                SystemInit
 .text.MX_USART1_UART_Init
                0x00000000080023c8       0x58 Core/Src/usart.o
                0x00000000080023c8                MX_USART1_UART_Init
 .text.MX_USART2_UART_Init
                0x0000000008002420       0x54 Core/Src/usart.o
                0x0000000008002420                MX_USART2_UART_Init
 .text.MX_USART3_UART_Init
                0x0000000008002474       0x54 Core/Src/usart.o
                0x0000000008002474                MX_USART3_UART_Init
 .text.HAL_UART_MspInit
                0x00000000080024c8      0x320 Core/Src/usart.o
                0x00000000080024c8                HAL_UART_MspInit
 .text.Reset_Handler
                0x00000000080027e8       0x50 Core/Startup/startup_stm32f439zitx.o
                0x00000000080027e8                Reset_Handler
 .text.Default_Handler
                0x0000000008002838        0x2 Core/Startup/startup_stm32f439zitx.o
                0x0000000008002838                RTC_Alarm_IRQHandler
                0x0000000008002838                HASH_RNG_IRQHandler
                0x0000000008002838                EXTI2_IRQHandler
                0x0000000008002838                TIM8_CC_IRQHandler
                0x0000000008002838                UART8_IRQHandler
                0x0000000008002838                SPI4_IRQHandler
                0x0000000008002838                TIM1_CC_IRQHandler
                0x0000000008002838                DMA2_Stream5_IRQHandler
                0x0000000008002838                PVD_IRQHandler
                0x0000000008002838                SDIO_IRQHandler
                0x0000000008002838                TAMP_STAMP_IRQHandler
                0x0000000008002838                CAN2_RX1_IRQHandler
                0x0000000008002838                EXTI3_IRQHandler
                0x0000000008002838                TIM8_TRG_COM_TIM14_IRQHandler
                0x0000000008002838                TIM1_UP_TIM10_IRQHandler
                0x0000000008002838                TIM8_UP_TIM13_IRQHandler
                0x0000000008002838                I2C3_ER_IRQHandler
                0x0000000008002838                EXTI0_IRQHandler
                0x0000000008002838                I2C2_EV_IRQHandler
                0x0000000008002838                DMA1_Stream2_IRQHandler
                0x0000000008002838                CAN1_RX0_IRQHandler
                0x0000000008002838                FPU_IRQHandler
                0x0000000008002838                OTG_HS_WKUP_IRQHandler
                0x0000000008002838                LTDC_ER_IRQHandler
                0x0000000008002838                CAN2_SCE_IRQHandler
                0x0000000008002838                SPI1_IRQHandler
                0x0000000008002838                TIM6_DAC_IRQHandler
                0x0000000008002838                TIM1_BRK_TIM9_IRQHandler
                0x0000000008002838                DCMI_IRQHandler
                0x0000000008002838                CAN2_RX0_IRQHandler
                0x0000000008002838                DMA2_Stream3_IRQHandler
                0x0000000008002838                USART6_IRQHandler
                0x0000000008002838                USART3_IRQHandler
                0x0000000008002838                CRYP_IRQHandler
                0x0000000008002838                CAN1_RX1_IRQHandler
                0x0000000008002838                UART5_IRQHandler
                0x0000000008002838                TIM4_IRQHandler
                0x0000000008002838                I2C1_EV_IRQHandler
                0x0000000008002838                DMA1_Stream1_IRQHandler
                0x0000000008002838                UART4_IRQHandler
                0x0000000008002838                TIM3_IRQHandler
                0x0000000008002838                RCC_IRQHandler
                0x0000000008002838                TIM8_BRK_TIM12_IRQHandler
                0x0000000008002838                Default_Handler
                0x0000000008002838                DMA1_Stream7_IRQHandler
                0x0000000008002838                SPI5_IRQHandler
                0x0000000008002838                TIM7_IRQHandler
                0x0000000008002838                CAN2_TX_IRQHandler
                0x0000000008002838                TIM5_IRQHandler
                0x0000000008002838                I2C3_EV_IRQHandler
                0x0000000008002838                RTC_WKUP_IRQHandler
                0x0000000008002838                LTDC_IRQHandler
                0x0000000008002838                ETH_WKUP_IRQHandler
                0x0000000008002838                SPI2_IRQHandler
                0x0000000008002838                OTG_HS_EP1_IN_IRQHandler
                0x0000000008002838                DMA1_Stream0_IRQHandler
                0x0000000008002838                CAN1_TX_IRQHandler
                0x0000000008002838                EXTI4_IRQHandler
                0x0000000008002838                ETH_IRQHandler
                0x0000000008002838                OTG_HS_EP1_OUT_IRQHandler
                0x0000000008002838                WWDG_IRQHandler
                0x0000000008002838                SPI6_IRQHandler
                0x0000000008002838                TIM2_IRQHandler
                0x0000000008002838                OTG_FS_WKUP_IRQHandler
                0x0000000008002838                TIM1_TRG_COM_TIM11_IRQHandler
                0x0000000008002838                OTG_HS_IRQHandler
                0x0000000008002838                DMA2D_IRQHandler
                0x0000000008002838                EXTI1_IRQHandler
                0x0000000008002838                UART7_IRQHandler
                0x0000000008002838                I2C2_ER_IRQHandler
                0x0000000008002838                DMA2_Stream1_IRQHandler
                0x0000000008002838                CAN1_SCE_IRQHandler
                0x0000000008002838                FLASH_IRQHandler
                0x0000000008002838                DMA2_Stream4_IRQHandler
                0x0000000008002838                OTG_FS_IRQHandler
                0x0000000008002838                SPI3_IRQHandler
                0x0000000008002838                DMA1_Stream4_IRQHandler
                0x0000000008002838                I2C1_ER_IRQHandler
                0x0000000008002838                FMC_IRQHandler
                0x0000000008002838                DMA2_Stream6_IRQHandler
                0x0000000008002838                SAI1_IRQHandler
                0x0000000008002838                DMA1_Stream3_IRQHandler
 *fill*         0x000000000800283a        0x2 
 .text.HAL_Init
                0x000000000800283c       0x44 Drivers/STM32F4xx_HAL_Driver/Src/stm32f4xx_hal.o
                0x000000000800283c                HAL_Init
 .text.HAL_InitTick
                0x0000000008002880       0x60 Drivers/STM32F4xx_HAL_Driver/Src/stm32f4xx_hal.o
                0x0000000008002880                HAL_InitTick
 .text.HAL_IncTick
                0x00000000080028e0       0x28 Drivers/STM32F4xx_HAL_Driver/Src/stm32f4xx_hal.o
                0x00000000080028e0                HAL_IncTick
 .text.HAL_GetTick
                0x0000000008002908       0x18 Drivers/STM32F4xx_HAL_Driver/Src/stm32f4xx_hal.o
                0x0000000008002908                HAL_GetTick
 .text.HAL_ADC_Init
                0x0000000008002920       0x86 Drivers/STM32F4xx_HAL_Driver/Src/stm32f4xx_hal_adc.o
                0x0000000008002920                HAL_ADC_Init
 .text.HAL_ADC_IRQHandler
                0x00000000080029a6      0x282 Drivers/STM32F4xx_HAL_Driver/Src/stm32f4xx_hal_adc.o
                0x00000000080029a6                HAL_ADC_IRQHandler
 .text.HAL_ADC_Start_DMA
                0x0000000008002c28      0x1e4 Drivers/STM32F4xx_HAL_Driver/Src/stm32f4xx_hal_adc.o
                0x0000000008002c28                HAL_ADC_Start_DMA
 .text.HAL_ADC_Stop_DMA
                0x0000000008002e0c       0x94 Drivers/STM32F4xx_HAL_Driver/Src/stm32f4xx_hal_adc.o
                0x0000000008002e0c                HAL_ADC_Stop_DMA
 .text.HAL_ADC_ConvHalfCpltCallback
                0x0000000008002ea0       0x14 Drivers/STM32F4xx_HAL_Driver/Src/stm32f4xx_hal_adc.o
                0x0000000008002ea0                HAL_ADC_ConvHalfCpltCallback
 .text.HAL_ADC_LevelOutOfWindowCallback
                0x0000000008002eb4       0x14 Drivers/STM32F4xx_HAL_Driver/Src/stm32f4xx_hal_adc.o
                0x0000000008002eb4                HAL_ADC_LevelOutOfWindowCallback
 .text.HAL_ADC_ErrorCallback
                0x0000000008002ec8       0x14 Drivers/STM32F4xx_HAL_Driver/Src/stm32f4xx_hal_adc.o
                0x0000000008002ec8                HAL_ADC_ErrorCallback
 .text.HAL_ADC_ConfigChannel
                0x0000000008002edc      0x264 Drivers/STM32F4xx_HAL_Driver/Src/stm32f4xx_hal_adc.o
                0x0000000008002edc                HAL_ADC_ConfigChannel
 .text.ADC_Init
                0x0000000008003140      0x1f8 Drivers/STM32F4xx_HAL_Driver/Src/stm32f4xx_hal_adc.o
 .text.ADC_DMAConvCplt
                0x0000000008003338       0xba Drivers/STM32F4xx_HAL_Driver/Src/stm32f4xx_hal_adc.o
 .text.ADC_DMAHalfConvCplt
                0x00000000080033f2       0x1c Drivers/STM32F4xx_HAL_Driver/Src/stm32f4xx_hal_adc.o
 .text.ADC_DMAError
                0x000000000800340e       0x2e Drivers/STM32F4xx_HAL_Driver/Src/stm32f4xx_hal_adc.o
 .text.HAL_ADCEx_InjectedConvCpltCallback
                0x000000000800343c       0x14 Drivers/STM32F4xx_HAL_Driver/Src/stm32f4xx_hal_adc_ex.o
                0x000000000800343c                HAL_ADCEx_InjectedConvCpltCallback
 .text.__NVIC_SetPriorityGrouping
                0x0000000008003450       0x48 Drivers/STM32F4xx_HAL_Driver/Src/stm32f4xx_hal_cortex.o
 .text.__NVIC_GetPriorityGrouping
                0x0000000008003498       0x1c Drivers/STM32F4xx_HAL_Driver/Src/stm32f4xx_hal_cortex.o
 .text.__NVIC_EnableIRQ
                0x00000000080034b4       0x3c Drivers/STM32F4xx_HAL_Driver/Src/stm32f4xx_hal_cortex.o
 .text.__NVIC_SetPriority
                0x00000000080034f0       0x54 Drivers/STM32F4xx_HAL_Driver/Src/stm32f4xx_hal_cortex.o
 .text.NVIC_EncodePriority
                0x0000000008003544       0x66 Drivers/STM32F4xx_HAL_Driver/Src/stm32f4xx_hal_cortex.o
 *fill*         0x00000000080035aa        0x2 
 .text.SysTick_Config
                0x00000000080035ac       0x44 Drivers/STM32F4xx_HAL_Driver/Src/stm32f4xx_hal_cortex.o
 .text.HAL_NVIC_SetPriorityGrouping
                0x00000000080035f0       0x16 Drivers/STM32F4xx_HAL_Driver/Src/stm32f4xx_hal_cortex.o
                0x00000000080035f0                HAL_NVIC_SetPriorityGrouping
 .text.HAL_NVIC_SetPriority
                0x0000000008003606       0x38 Drivers/STM32F4xx_HAL_Driver/Src/stm32f4xx_hal_cortex.o
                0x0000000008003606                HAL_NVIC_SetPriority
 .text.HAL_NVIC_EnableIRQ
                0x000000000800363e       0x1c Drivers/STM32F4xx_HAL_Driver/Src/stm32f4xx_hal_cortex.o
                0x000000000800363e                HAL_NVIC_EnableIRQ
 .text.HAL_SYSTICK_Config
                0x000000000800365a       0x18 Drivers/STM32F4xx_HAL_Driver/Src/stm32f4xx_hal_cortex.o
                0x000000000800365a                HAL_SYSTICK_Config
 .text.HAL_DAC_Init
                0x0000000008003672       0x44 Drivers/STM32F4xx_HAL_Driver/Src/stm32f4xx_hal_dac.o
                0x0000000008003672                HAL_DAC_Init
 .text.HAL_DAC_ConfigChannel
                0x00000000080036b6       0x9a Drivers/STM32F4xx_HAL_Driver/Src/stm32f4xx_hal_dac.o
                0x00000000080036b6                HAL_DAC_ConfigChannel
 .text.HAL_DMA_Init
                0x0000000008003750      0x15c Drivers/STM32F4xx_HAL_Driver/Src/stm32f4xx_hal_dma.o
                0x0000000008003750                HAL_DMA_Init
 .text.HAL_DMA_Start_IT
                0x00000000080038ac       0xb0 Drivers/STM32F4xx_HAL_Driver/Src/stm32f4xx_hal_dma.o
                0x00000000080038ac                HAL_DMA_Start_IT
 .text.HAL_DMA_Abort
                0x000000000800395c       0xe0 Drivers/STM32F4xx_HAL_Driver/Src/stm32f4xx_hal_dma.o
                0x000000000800395c                HAL_DMA_Abort
 .text.HAL_DMA_Abort_IT
                0x0000000008003a3c       0x44 Drivers/STM32F4xx_HAL_Driver/Src/stm32f4xx_hal_dma.o
                0x0000000008003a3c                HAL_DMA_Abort_IT
 .text.HAL_DMA_IRQHandler
                0x0000000008003a80      0x314 Drivers/STM32F4xx_HAL_Driver/Src/stm32f4xx_hal_dma.o
                0x0000000008003a80                HAL_DMA_IRQHandler
 .text.DMA_SetConfig
                0x0000000008003d94       0x5c Drivers/STM32F4xx_HAL_Driver/Src/stm32f4xx_hal_dma.o
 .text.DMA_CalcBaseAndBitshift
                0x0000000008003df0       0x6c Drivers/STM32F4xx_HAL_Driver/Src/stm32f4xx_hal_dma.o
 .text.DMA_CheckFifoParam
                0x0000000008003e5c       0xf4 Drivers/STM32F4xx_HAL_Driver/Src/stm32f4xx_hal_dma.o
 .text.HAL_GPIO_Init
                0x0000000008003f50      0x354 Drivers/STM32F4xx_HAL_Driver/Src/stm32f4xx_hal_gpio.o
                0x0000000008003f50                HAL_GPIO_Init
 .text.HAL_GPIO_ReadPin
                0x00000000080042a4       0x30 Drivers/STM32F4xx_HAL_Driver/Src/stm32f4xx_hal_gpio.o
                0x00000000080042a4                HAL_GPIO_ReadPin
 .text.HAL_GPIO_WritePin
                0x00000000080042d4       0x32 Drivers/STM32F4xx_HAL_Driver/Src/stm32f4xx_hal_gpio.o
                0x00000000080042d4                HAL_GPIO_WritePin
 *fill*         0x0000000008004306        0x2 
 .text.HAL_GPIO_EXTI_IRQHandler
                0x0000000008004308       0x30 Drivers/STM32F4xx_HAL_Driver/Src/stm32f4xx_hal_gpio.o
                0x0000000008004308                HAL_GPIO_EXTI_IRQHandler
 .text.HAL_I2C_Init
                0x0000000008004338      0x270 Drivers/STM32F4xx_HAL_Driver/Src/stm32f4xx_hal_i2c.o
                0x0000000008004338                HAL_I2C_Init
 .text.HAL_I2C_Master_Transmit
                0x00000000080045a8      0x1fc Drivers/STM32F4xx_HAL_Driver/Src/stm32f4xx_hal_i2c.o
                0x00000000080045a8                HAL_I2C_Master_Transmit
 .text.HAL_I2C_Master_Receive
                0x00000000080047a4      0x44c Drivers/STM32F4xx_HAL_Driver/Src/stm32f4xx_hal_i2c.o
                0x00000000080047a4                HAL_I2C_Master_Receive
 .text.I2C_MasterRequestWrite
                0x0000000008004bf0      0x104 Drivers/STM32F4xx_HAL_Driver/Src/stm32f4xx_hal_i2c.o
 .text.I2C_MasterRequestRead
                0x0000000008004cf4      0x19c Drivers/STM32F4xx_HAL_Driver/Src/stm32f4xx_hal_i2c.o
 .text.I2C_WaitOnFlagUntilTimeout
                0x0000000008004e90       0xae Drivers/STM32F4xx_HAL_Driver/Src/stm32f4xx_hal_i2c.o
 .text.I2C_WaitOnMasterAddressFlagUntilTimeout
                0x0000000008004f3e       0xfe Drivers/STM32F4xx_HAL_Driver/Src/stm32f4xx_hal_i2c.o
 .text.I2C_WaitOnTXEFlagUntilTimeout
                0x000000000800503c       0x82 Drivers/STM32F4xx_HAL_Driver/Src/stm32f4xx_hal_i2c.o
 .text.I2C_WaitOnBTFFlagUntilTimeout
                0x00000000080050be       0x82 Drivers/STM32F4xx_HAL_Driver/Src/stm32f4xx_hal_i2c.o
 .text.I2C_WaitOnRXNEFlagUntilTimeout
                0x0000000008005140       0xac Drivers/STM32F4xx_HAL_Driver/Src/stm32f4xx_hal_i2c.o
 .text.I2C_IsAcknowledgeFailed
                0x00000000080051ec       0x5e Drivers/STM32F4xx_HAL_Driver/Src/stm32f4xx_hal_i2c.o
 .text.HAL_I2CEx_ConfigAnalogFilter
                0x000000000800524a       0x78 Drivers/STM32F4xx_HAL_Driver/Src/stm32f4xx_hal_i2c_ex.o
                0x000000000800524a                HAL_I2CEx_ConfigAnalogFilter
 .text.HAL_I2CEx_ConfigDigitalFilter
                0x00000000080052c2       0x7e Drivers/STM32F4xx_HAL_Driver/Src/stm32f4xx_hal_i2c_ex.o
                0x00000000080052c2                HAL_I2CEx_ConfigDigitalFilter
 .text.HAL_PWREx_EnableOverDrive
                0x0000000008005340       0xa0 Drivers/STM32F4xx_HAL_Driver/Src/stm32f4xx_hal_pwr_ex.o
                0x0000000008005340                HAL_PWREx_EnableOverDrive
 .text.HAL_RCC_OscConfig
                0x00000000080053e0      0x4e0 Drivers/STM32F4xx_HAL_Driver/Src/stm32f4xx_hal_rcc.o
                0x00000000080053e0                HAL_RCC_OscConfig
 .text.HAL_RCC_ClockConfig
                0x00000000080058c0      0x1cc Drivers/STM32F4xx_HAL_Driver/Src/stm32f4xx_hal_rcc.o
                0x00000000080058c0                HAL_RCC_ClockConfig
 .text.HAL_RCC_GetSysClockFreq
                0x0000000008005a8c      0x164 Drivers/STM32F4xx_HAL_Driver/Src/stm32f4xx_hal_rcc.o
                0x0000000008005a8c                HAL_RCC_GetSysClockFreq
 .text.HAL_RCC_GetHCLKFreq
                0x0000000008005bf0       0x18 Drivers/STM32F4xx_HAL_Driver/Src/stm32f4xx_hal_rcc.o
                0x0000000008005bf0                HAL_RCC_GetHCLKFreq
 .text.HAL_RCC_GetPCLK1Freq
                0x0000000008005c08       0x28 Drivers/STM32F4xx_HAL_Driver/Src/stm32f4xx_hal_rcc.o
                0x0000000008005c08                HAL_RCC_GetPCLK1Freq
 .text.HAL_RCC_GetPCLK2Freq
                0x0000000008005c30       0x28 Drivers/STM32F4xx_HAL_Driver/Src/stm32f4xx_hal_rcc.o
                0x0000000008005c30                HAL_RCC_GetPCLK2Freq
 .text.HAL_RCCEx_PeriphCLKConfig
                0x0000000008005c58      0x37c Drivers/STM32F4xx_HAL_Driver/Src/stm32f4xx_hal_rcc_ex.o
                0x0000000008005c58                HAL_RCCEx_PeriphCLKConfig
 .text.HAL_RTC_Init
                0x0000000008005fd4      0x122 Drivers/STM32F4xx_HAL_Driver/Src/stm32f4xx_hal_rtc.o
                0x0000000008005fd4                HAL_RTC_Init
 .text.HAL_RTC_GetTime
                0x00000000080060f6       0xbc Drivers/STM32F4xx_HAL_Driver/Src/stm32f4xx_hal_rtc.o
                0x00000000080060f6                HAL_RTC_GetTime
 .text.HAL_RTC_GetDate
                0x00000000080061b2       0x9e Drivers/STM32F4xx_HAL_Driver/Src/stm32f4xx_hal_rtc.o
                0x00000000080061b2                HAL_RTC_GetDate
 .text.HAL_RTC_WaitForSynchro
                0x0000000008006250       0x50 Drivers/STM32F4xx_HAL_Driver/Src/stm32f4xx_hal_rtc.o
                0x0000000008006250                HAL_RTC_WaitForSynchro
 .text.RTC_EnterInitMode
                0x00000000080062a0       0x58 Drivers/STM32F4xx_HAL_Driver/Src/stm32f4xx_hal_rtc.o
                0x00000000080062a0                RTC_EnterInitMode
 .text.RTC_Bcd2ToByte
                0x00000000080062f8       0x3c Drivers/STM32F4xx_HAL_Driver/Src/stm32f4xx_hal_rtc.o
                0x00000000080062f8                RTC_Bcd2ToByte
 .text.HAL_UART_Init
                0x0000000008006334       0x9a Drivers/STM32F4xx_HAL_Driver/Src/stm32f4xx_hal_uart.o
                0x0000000008006334                HAL_UART_Init
 .text.HAL_UART_Transmit
                0x00000000080063ce      0x132 Drivers/STM32F4xx_HAL_Driver/Src/stm32f4xx_hal_uart.o
                0x00000000080063ce                HAL_UART_Transmit
 .text.HAL_UART_Receive
                0x0000000008006500      0x14c Drivers/STM32F4xx_HAL_Driver/Src/stm32f4xx_hal_uart.o
                0x0000000008006500                HAL_UART_Receive
 .text.HAL_UART_Transmit_DMA
                0x000000000800664c       0xd8 Drivers/STM32F4xx_HAL_Driver/Src/stm32f4xx_hal_uart.o
                0x000000000800664c                HAL_UART_Transmit_DMA
 .text.HAL_UART_Receive_DMA
                0x0000000008006724      0x100 Drivers/STM32F4xx_HAL_Driver/Src/stm32f4xx_hal_uart.o
                0x0000000008006724                HAL_UART_Receive_DMA
 .text.HAL_UART_DMAStop
                0x0000000008006824       0xb6 Drivers/STM32F4xx_HAL_Driver/Src/stm32f4xx_hal_uart.o
                0x0000000008006824                HAL_UART_DMAStop
 *fill*         0x00000000080068da        0x2 
 .text.HAL_UART_IRQHandler
                0x00000000080068dc      0x200 Drivers/STM32F4xx_HAL_Driver/Src/stm32f4xx_hal_uart.o
                0x00000000080068dc                HAL_UART_IRQHandler
 .text.HAL_UART_TxHalfCpltCallback
                0x0000000008006adc       0x14 Drivers/STM32F4xx_HAL_Driver/Src/stm32f4xx_hal_uart.o
                0x0000000008006adc                HAL_UART_TxHalfCpltCallback
 .text.HAL_UART_RxHalfCpltCallback
                0x0000000008006af0       0x14 Drivers/STM32F4xx_HAL_Driver/Src/stm32f4xx_hal_uart.o
                0x0000000008006af0                HAL_UART_RxHalfCpltCallback
 .text.HAL_UART_ErrorCallback
                0x0000000008006b04       0x14 Drivers/STM32F4xx_HAL_Driver/Src/stm32f4xx_hal_uart.o
                0x0000000008006b04                HAL_UART_ErrorCallback
 .text.UART_DMATransmitCplt
                0x0000000008006b18       0x52 Drivers/STM32F4xx_HAL_Driver/Src/stm32f4xx_hal_uart.o
 .text.UART_DMATxHalfCplt
                0x0000000008006b6a       0x1c Drivers/STM32F4xx_HAL_Driver/Src/stm32f4xx_hal_uart.o
 .text.UART_DMAReceiveCplt
                0x0000000008006b86       0x68 Drivers/STM32F4xx_HAL_Driver/Src/stm32f4xx_hal_uart.o
 .text.UART_DMARxHalfCplt
                0x0000000008006bee       0x1c Drivers/STM32F4xx_HAL_Driver/Src/stm32f4xx_hal_uart.o
 .text.UART_DMAError
                0x0000000008006c0a       0x94 Drivers/STM32F4xx_HAL_Driver/Src/stm32f4xx_hal_uart.o
 .text.UART_WaitOnFlagUntilTimeout
                0x0000000008006c9e       0x94 Drivers/STM32F4xx_HAL_Driver/Src/stm32f4xx_hal_uart.o
 .text.UART_EndTxTransfer
                0x0000000008006d32       0x2c Drivers/STM32F4xx_HAL_Driver/Src/stm32f4xx_hal_uart.o
 .text.UART_EndRxTransfer
                0x0000000008006d5e       0x3c Drivers/STM32F4xx_HAL_Driver/Src/stm32f4xx_hal_uart.o
 .text.UART_DMAAbortOnError
                0x0000000008006d9a       0x28 Drivers/STM32F4xx_HAL_Driver/Src/stm32f4xx_hal_uart.o
 .text.UART_Transmit_IT
                0x0000000008006dc2       0xac Drivers/STM32F4xx_HAL_Driver/Src/stm32f4xx_hal_uart.o
 .text.UART_EndTransmit_IT
                0x0000000008006e6e       0x30 Drivers/STM32F4xx_HAL_Driver/Src/stm32f4xx_hal_uart.o
 .text.UART_Receive_IT
                0x0000000008006e9e      0x102 Drivers/STM32F4xx_HAL_Driver/Src/stm32f4xx_hal_uart.o
 .text.UART_SetConfig
                0x0000000008006fa0      0x6f8 Drivers/STM32F4xx_HAL_Driver/Src/stm32f4xx_hal_uart.o
 .text.__libc_init_array
                0x0000000008007698       0x48 c:/st/stm32cubeide_1.3.0/stm32cubeide/plugins/com.st.stm32cube.ide.mcu.externaltools.gnu-tools-for-stm32.7-2018-q2-update.win32_1.5.0.202011040924/tools/bin/../lib/gcc/arm-none-eabi/7.3.1/../../../../arm-none-eabi/lib/thumb/v7e-m/fpv4-sp/hard\libc_nano.a(lib_a-init.o)
                0x0000000008007698                __libc_init_array
 .text.memset   0x00000000080076e0       0x10 c:/st/stm32cubeide_1.3.0/stm32cubeide/plugins/com.st.stm32cube.ide.mcu.externaltools.gnu-tools-for-stm32.7-2018-q2-update.win32_1.5.0.202011040924/tools/bin/../lib/gcc/arm-none-eabi/7.3.1/../../../../arm-none-eabi/lib/thumb/v7e-m/fpv4-sp/hard\libc_nano.a(lib_a-memset.o)
                0x00000000080076e0                memset
 *(.glue_7)
 .glue_7        0x00000000080076f0        0x0 linker stubs
 *(.glue_7t)
 .glue_7t       0x00000000080076f0        0x0 linker stubs
 *(.eh_frame)
 .eh_frame      0x00000000080076f0        0x0 c:/st/stm32cubeide_1.3.0/stm32cubeide/plugins/com.st.stm32cube.ide.mcu.externaltools.gnu-tools-for-stm32.7-2018-q2-update.win32_1.5.0.202011040924/tools/bin/../lib/gcc/arm-none-eabi/7.3.1/thumb/v7e-m/fpv4-sp/hard/crtbegin.o
 *(.init)
 .init          0x00000000080076f0        0x4 c:/st/stm32cubeide_1.3.0/stm32cubeide/plugins/com.st.stm32cube.ide.mcu.externaltools.gnu-tools-for-stm32.7-2018-q2-update.win32_1.5.0.202011040924/tools/bin/../lib/gcc/arm-none-eabi/7.3.1/thumb/v7e-m/fpv4-sp/hard/crti.o
                0x00000000080076f0                _init
 .init          0x00000000080076f4        0x8 c:/st/stm32cubeide_1.3.0/stm32cubeide/plugins/com.st.stm32cube.ide.mcu.externaltools.gnu-tools-for-stm32.7-2018-q2-update.win32_1.5.0.202011040924/tools/bin/../lib/gcc/arm-none-eabi/7.3.1/thumb/v7e-m/fpv4-sp/hard/crtn.o
 *(.fini)
 .fini          0x00000000080076fc        0x4 c:/st/stm32cubeide_1.3.0/stm32cubeide/plugins/com.st.stm32cube.ide.mcu.externaltools.gnu-tools-for-stm32.7-2018-q2-update.win32_1.5.0.202011040924/tools/bin/../lib/gcc/arm-none-eabi/7.3.1/thumb/v7e-m/fpv4-sp/hard/crti.o
                0x00000000080076fc                _fini
 .fini          0x0000000008007700        0x8 c:/st/stm32cubeide_1.3.0/stm32cubeide/plugins/com.st.stm32cube.ide.mcu.externaltools.gnu-tools-for-stm32.7-2018-q2-update.win32_1.5.0.202011040924/tools/bin/../lib/gcc/arm-none-eabi/7.3.1/thumb/v7e-m/fpv4-sp/hard/crtn.o
                0x0000000008007708                . = ALIGN (0x4)
                0x0000000008007708                _etext = .

.vfp11_veneer   0x0000000008007708        0x0
 .vfp11_veneer  0x0000000008007708        0x0 linker stubs

.v4_bx          0x0000000008007708        0x0
 .v4_bx         0x0000000008007708        0x0 linker stubs

.iplt           0x0000000008007708        0x0
 .iplt          0x0000000008007708        0x0 c:/st/stm32cubeide_1.3.0/stm32cubeide/plugins/com.st.stm32cube.ide.mcu.externaltools.gnu-tools-for-stm32.7-2018-q2-update.win32_1.5.0.202011040924/tools/bin/../lib/gcc/arm-none-eabi/7.3.1/thumb/v7e-m/fpv4-sp/hard/crtbegin.o

.rodata         0x0000000008007708       0x20
                0x0000000008007708                . = ALIGN (0x4)
 *(.rodata)
 *(.rodata*)
 .rodata.AHBPrescTable
                0x0000000008007708       0x10 Core/Src/system_stm32f4xx.o
                0x0000000008007708                AHBPrescTable
 .rodata.APBPrescTable
                0x0000000008007718        0x8 Core/Src/system_stm32f4xx.o
                0x0000000008007718                APBPrescTable
 .rodata.flagBitshiftOffset.8509
                0x0000000008007720        0x8 Drivers/STM32F4xx_HAL_Driver/Src/stm32f4xx_hal_dma.o
                0x0000000008007728                . = ALIGN (0x4)

.ARM.extab      0x0000000008007728        0x0
                0x0000000008007728                . = ALIGN (0x4)
 *(.ARM.extab* .gnu.linkonce.armextab.*)
                0x0000000008007728                . = ALIGN (0x4)

.ARM            0x0000000008007728        0x8
                0x0000000008007728                . = ALIGN (0x4)
                0x0000000008007728                __exidx_start = .
 *(.ARM.exidx*)
 .ARM.exidx     0x0000000008007728        0x8 c:/st/stm32cubeide_1.3.0/stm32cubeide/plugins/com.st.stm32cube.ide.mcu.externaltools.gnu-tools-for-stm32.7-2018-q2-update.win32_1.5.0.202011040924/tools/bin/../lib/gcc/arm-none-eabi/7.3.1/thumb/v7e-m/fpv4-sp/hard\libgcc.a(_udivmoddi4.o)
                0x0000000008007730                __exidx_end = .
                0x0000000008007730                . = ALIGN (0x4)

.rel.dyn        0x0000000008007730        0x0
 .rel.iplt      0x0000000008007730        0x0 c:/st/stm32cubeide_1.3.0/stm32cubeide/plugins/com.st.stm32cube.ide.mcu.externaltools.gnu-tools-for-stm32.7-2018-q2-update.win32_1.5.0.202011040924/tools/bin/../lib/gcc/arm-none-eabi/7.3.1/thumb/v7e-m/fpv4-sp/hard/crtbegin.o

.preinit_array  0x0000000008007730        0x0
                0x0000000008007730                . = ALIGN (0x4)
                0x0000000008007730                PROVIDE (__preinit_array_start = .)
 *(.preinit_array*)
                0x0000000008007730                PROVIDE (__preinit_array_end = .)
                0x0000000008007730                . = ALIGN (0x4)

.init_array     0x0000000008007730        0x4
                0x0000000008007730                . = ALIGN (0x4)
                0x0000000008007730                PROVIDE (__init_array_start = .)
 *(SORT_BY_NAME(.init_array.*))
 *(.init_array*)
 .init_array    0x0000000008007730        0x4 c:/st/stm32cubeide_1.3.0/stm32cubeide/plugins/com.st.stm32cube.ide.mcu.externaltools.gnu-tools-for-stm32.7-2018-q2-update.win32_1.5.0.202011040924/tools/bin/../lib/gcc/arm-none-eabi/7.3.1/thumb/v7e-m/fpv4-sp/hard/crtbegin.o
                0x0000000008007734                PROVIDE (__init_array_end = .)
                0x0000000008007734                . = ALIGN (0x4)

.fini_array     0x0000000008007734        0x4
                0x0000000008007734                . = ALIGN (0x4)
                [!provide]                        PROVIDE (__fini_array_start = .)
 *(SORT_BY_NAME(.fini_array.*))
 *(.fini_array*)
 .fini_array    0x0000000008007734        0x4 c:/st/stm32cubeide_1.3.0/stm32cubeide/plugins/com.st.stm32cube.ide.mcu.externaltools.gnu-tools-for-stm32.7-2018-q2-update.win32_1.5.0.202011040924/tools/bin/../lib/gcc/arm-none-eabi/7.3.1/thumb/v7e-m/fpv4-sp/hard/crtbegin.o
                [!provide]                        PROVIDE (__fini_array_end = .)
                0x0000000008007738                . = ALIGN (0x4)
                0x0000000008007738                _sidata = LOADADDR (.data)

.data           0x0000000020000000       0x2c load address 0x0000000008007738
                0x0000000020000000                . = ALIGN (0x4)
                0x0000000020000000                _sdata = .
 *(.data)
 *(.data*)
 .data.TotalStepsPerCycle
                0x0000000020000000        0x2 Core/Src/main.o
                0x0000000020000000                TotalStepsPerCycle
 .data.BPM      0x0000000020000002        0x1 Core/Src/main.o
                0x0000000020000002                BPM
 *fill*         0x0000000020000003        0x5 
 .data.IEratio  0x0000000020000008        0x8 Core/Src/main.o
                0x0000000020000008                IEratio
 .data.Vmax     0x0000000020000010        0x1 Core/Src/main.o
                0x0000000020000010                Vmax
 .data.Vdes     0x0000000020000011        0x1 Core/Src/main.o
                0x0000000020000011                Vdes
 *fill*         0x0000000020000012        0x2 
 .data.motorAddress
                0x0000000020000014        0x4 Core/Src/main.o
                0x0000000020000014                motorAddress
 .data.Bank2    0x0000000020000018        0x4 Core/Src/main.o
                0x0000000020000018                Bank2
 .data.SGP      0x000000002000001c        0x4 Core/Src/main.o
                0x000000002000001c                SGP
 .data.SystemCoreClock
                0x0000000020000020        0x4 Core/Src/system_stm32f4xx.o
                0x0000000020000020                SystemCoreClock
 .data.uwTickPrio
                0x0000000020000024        0x4 Drivers/STM32F4xx_HAL_Driver/Src/stm32f4xx_hal.o
                0x0000000020000024                uwTickPrio
 .data.uwTickFreq
                0x0000000020000028        0x1 Drivers/STM32F4xx_HAL_Driver/Src/stm32f4xx_hal.o
                0x0000000020000028                uwTickFreq
                0x000000002000002c                . = ALIGN (0x4)
 *fill*         0x0000000020000029        0x3 
                0x000000002000002c                _edata = .

.igot.plt       0x000000002000002c        0x0 load address 0x0000000008007764
 .igot.plt      0x000000002000002c        0x0 c:/st/stm32cubeide_1.3.0/stm32cubeide/plugins/com.st.stm32cube.ide.mcu.externaltools.gnu-tools-for-stm32.7-2018-q2-update.win32_1.5.0.202011040924/tools/bin/../lib/gcc/arm-none-eabi/7.3.1/thumb/v7e-m/fpv4-sp/hard/crtbegin.o
                0x000000002000002c                . = ALIGN (0x4)

.bss            0x000000002000002c      0x524 load address 0x0000000008007764
                0x000000002000002c                _sbss = .
                0x000000002000002c                __bss_start__ = _sbss
 *(.bss)
 .bss           0x000000002000002c       0x1c c:/st/stm32cubeide_1.3.0/stm32cubeide/plugins/com.st.stm32cube.ide.mcu.externaltools.gnu-tools-for-stm32.7-2018-q2-update.win32_1.5.0.202011040924/tools/bin/../lib/gcc/arm-none-eabi/7.3.1/thumb/v7e-m/fpv4-sp/hard/crtbegin.o
 *(.bss*)
 .bss.state     0x0000000020000048        0x4 Core/Src/main.o
                0x0000000020000048                state
 .bss.TMCLstate
                0x000000002000004c        0x4 Core/Src/main.o
                0x000000002000004c                TMCLstate
 .bss.HMI_tx_buff
                0x0000000020000050        0xc Core/Src/main.o
                0x0000000020000050                HMI_tx_buff
 .bss.HMI_rx_buff
                0x000000002000005c        0xc Core/Src/main.o
                0x000000002000005c                HMI_rx_buff
 .bss.TMCL_tx_buff
                0x0000000020000068        0x9 Core/Src/main.o
                0x0000000020000068                TMCL_tx_buff
 *fill*         0x0000000020000071        0x3 
 .bss.TMCL_rx_buff
                0x0000000020000074        0x9 Core/Src/main.o
                0x0000000020000074                TMCL_rx_buff
 *fill*         0x000000002000007d        0x3 
 .bss.FlowSensirion
                0x0000000020000080       0x50 Core/Src/main.o
                0x0000000020000080                FlowSensirion
 .bss.TidalVolume
                0x00000000200000d0        0x8 Core/Src/main.o
                0x00000000200000d0                TidalVolume
 .bss.FlowBuffer
                0x00000000200000d8        0x3 Core/Src/main.o
                0x00000000200000d8                FlowBuffer
 *fill*         0x00000000200000db        0x1 
 .bss.FlowSensirionTotal
                0x00000000200000dc        0x4 Core/Src/main.o
                0x00000000200000dc                FlowSensirionTotal
 .bss.deltaFlow
                0x00000000200000e0        0x4 Core/Src/main.o
                0x00000000200000e0                deltaFlow
 .bss.PressureHoneywell
                0x00000000200000e4        0x1 Core/Src/main.o
                0x00000000200000e4                PressureHoneywell
 .bss.TempHoneywell
                0x00000000200000e5        0x1 Core/Src/main.o
                0x00000000200000e5                TempHoneywell
 .bss.StatusHoneywell
                0x00000000200000e6        0x1 Core/Src/main.o
                0x00000000200000e6                StatusHoneywell
 *fill*         0x00000000200000e7        0x1 
 .bss.PressureBuffer
                0x00000000200000e8        0x4 Core/Src/main.o
                0x00000000200000e8                PressureBuffer
 .bss.timeCurrent
                0x00000000200000ec        0x4 Core/Src/main.o
                0x00000000200000ec                timeCurrent
 .bss.timeOld   0x00000000200000f0        0x4 Core/Src/main.o
                0x00000000200000f0                timeOld
 .bss.deltaTime
                0x00000000200000f4        0x4 Core/Src/main.o
                0x00000000200000f4                deltaTime
 .bss.Seconds   0x00000000200000f8        0x4 Core/Src/main.o
                0x00000000200000f8                Seconds
 *(COMMON)
 COMMON         0x00000000200000fc       0xa8 Core/Src/adc.o
                0x00000000200000fc                hadc1
                0x0000000020000144                hdma_adc1
 COMMON         0x00000000200001a4       0x14 Core/Src/dac.o
                0x00000000200001a4                hdac
 COMMON         0x00000000200001b8       0xa8 Core/Src/i2c.o
                0x00000000200001b8                hi2c3
                0x000000002000020c                hi2c1
 COMMON         0x0000000020000260       0x8c Core/Src/main.o
                0x0000000020000260                ExpPSC
                0x0000000020000264                toggleValue
                0x0000000020000268                InspFreq
                0x000000002000026c                RequiredStepsHalfCycle
                0x0000000020000270                StepsHalfCycle
                0x0000000020000274                eightBitResult
                0x0000000020000278                TotalCycleTime
                0x000000002000027c                pressure
                0x0000000020000280                changeTime
                0x0000000020000294                deltaFlowTime
                0x0000000020000298                value_adc
                0x000000002000029c                timeStampOld
                0x00000000200002b0                buf
                0x00000000200002bc                InspPSC
                0x00000000200002c0                VentMethod
                0x00000000200002c4                currentDate
                0x00000000200002c8                ExpFreq
                0x00000000200002cc                InspTime
                0x00000000200002d0                timeStampCurrent
                0x00000000200002e4                deltaVolume
                0x00000000200002e8                ExpTime
 COMMON         0x00000000200002ec       0x20 Core/Src/rtc.o
                0x00000000200002ec                hrtc
 COMMON         0x000000002000030c      0x240 Core/Src/usart.o
                0x000000002000030c                hdma_usart2_rx
                0x000000002000036c                huart3
                0x00000000200003ac                hdma_usart1_tx
                0x000000002000040c                hdma_usart1_rx
                0x000000002000046c                hdma_usart2_tx
                0x00000000200004cc                huart1
                0x000000002000050c                huart2
 COMMON         0x000000002000054c        0x4 Drivers/STM32F4xx_HAL_Driver/Src/stm32f4xx_hal.o
                0x000000002000054c                uwTick
                0x0000000020000550                . = ALIGN (0x4)
                0x0000000020000550                _ebss = .
                0x0000000020000550                __bss_end__ = _ebss

._user_heap_stack
                0x0000000020000550      0x600 load address 0x0000000008007764
                0x0000000020000550                . = ALIGN (0x8)
                0x0000000020000550                PROVIDE (end = .)
                [!provide]                        PROVIDE (_end = .)
                0x0000000020000750                . = (. + _Min_Heap_Size)
 *fill*         0x0000000020000550      0x200 
                0x0000000020000b50                . = (. + _Min_Stack_Size)
 *fill*         0x0000000020000750      0x400 
                0x0000000020000b50                . = ALIGN (0x8)

/DISCARD/
 libc.a(*)
 libm.a(*)
 libgcc.a(*)

.ARM.attributes
                0x0000000000000000       0x30
 *(.ARM.attributes)
 .ARM.attributes
                0x0000000000000000       0x22 c:/st/stm32cubeide_1.3.0/stm32cubeide/plugins/com.st.stm32cube.ide.mcu.externaltools.gnu-tools-for-stm32.7-2018-q2-update.win32_1.5.0.202011040924/tools/bin/../lib/gcc/arm-none-eabi/7.3.1/thumb/v7e-m/fpv4-sp/hard/crti.o
 .ARM.attributes
                0x0000000000000022       0x34 c:/st/stm32cubeide_1.3.0/stm32cubeide/plugins/com.st.stm32cube.ide.mcu.externaltools.gnu-tools-for-stm32.7-2018-q2-update.win32_1.5.0.202011040924/tools/bin/../lib/gcc/arm-none-eabi/7.3.1/thumb/v7e-m/fpv4-sp/hard/crtbegin.o
 .ARM.attributes
                0x0000000000000056       0x39 Core/Src/adc.o
 .ARM.attributes
                0x000000000000008f       0x39 Core/Src/dac.o
 .ARM.attributes
                0x00000000000000c8       0x39 Core/Src/dma.o
 .ARM.attributes
                0x0000000000000101       0x39 Core/Src/gpio.o
 .ARM.attributes
                0x000000000000013a       0x39 Core/Src/i2c.o
 .ARM.attributes
                0x0000000000000173       0x39 Core/Src/main.o
 .ARM.attributes
                0x00000000000001ac       0x39 Core/Src/rtc.o
 .ARM.attributes
                0x00000000000001e5       0x39 Core/Src/sfm3000.o
 .ARM.attributes
                0x000000000000021e       0x39 Core/Src/stm32f4xx_hal_msp.o
 .ARM.attributes
                0x0000000000000257       0x39 Core/Src/stm32f4xx_it.o
 .ARM.attributes
                0x0000000000000290       0x39 Core/Src/system_stm32f4xx.o
 .ARM.attributes
                0x00000000000002c9       0x39 Core/Src/usart.o
 .ARM.attributes
                0x0000000000000302       0x21 Core/Startup/startup_stm32f439zitx.o
 .ARM.attributes
                0x0000000000000323       0x39 Drivers/STM32F4xx_HAL_Driver/Src/stm32f4xx_hal.o
 .ARM.attributes
                0x000000000000035c       0x39 Drivers/STM32F4xx_HAL_Driver/Src/stm32f4xx_hal_adc.o
 .ARM.attributes
                0x0000000000000395       0x39 Drivers/STM32F4xx_HAL_Driver/Src/stm32f4xx_hal_adc_ex.o
 .ARM.attributes
                0x00000000000003ce       0x39 Drivers/STM32F4xx_HAL_Driver/Src/stm32f4xx_hal_cortex.o
 .ARM.attributes
                0x0000000000000407       0x39 Drivers/STM32F4xx_HAL_Driver/Src/stm32f4xx_hal_dac.o
 .ARM.attributes
                0x0000000000000440       0x39 Drivers/STM32F4xx_HAL_Driver/Src/stm32f4xx_hal_dma.o
 .ARM.attributes
                0x0000000000000479       0x39 Drivers/STM32F4xx_HAL_Driver/Src/stm32f4xx_hal_gpio.o
 .ARM.attributes
                0x00000000000004b2       0x39 Drivers/STM32F4xx_HAL_Driver/Src/stm32f4xx_hal_i2c.o
 .ARM.attributes
                0x00000000000004eb       0x39 Drivers/STM32F4xx_HAL_Driver/Src/stm32f4xx_hal_i2c_ex.o
 .ARM.attributes
                0x0000000000000524       0x39 Drivers/STM32F4xx_HAL_Driver/Src/stm32f4xx_hal_pwr_ex.o
 .ARM.attributes
                0x000000000000055d       0x39 Drivers/STM32F4xx_HAL_Driver/Src/stm32f4xx_hal_rcc.o
 .ARM.attributes
                0x0000000000000596       0x39 Drivers/STM32F4xx_HAL_Driver/Src/stm32f4xx_hal_rcc_ex.o
 .ARM.attributes
                0x00000000000005cf       0x39 Drivers/STM32F4xx_HAL_Driver/Src/stm32f4xx_hal_rtc.o
 .ARM.attributes
                0x0000000000000608       0x39 Drivers/STM32F4xx_HAL_Driver/Src/stm32f4xx_hal_uart.o
 .ARM.attributes
                0x0000000000000641       0x34 c:/st/stm32cubeide_1.3.0/stm32cubeide/plugins/com.st.stm32cube.ide.mcu.externaltools.gnu-tools-for-stm32.7-2018-q2-update.win32_1.5.0.202011040924/tools/bin/../lib/gcc/arm-none-eabi/7.3.1/../../../../arm-none-eabi/lib/thumb/v7e-m/fpv4-sp/hard\libc_nano.a(lib_a-init.o)
 .ARM.attributes
                0x0000000000000675       0x34 c:/st/stm32cubeide_1.3.0/stm32cubeide/plugins/com.st.stm32cube.ide.mcu.externaltools.gnu-tools-for-stm32.7-2018-q2-update.win32_1.5.0.202011040924/tools/bin/../lib/gcc/arm-none-eabi/7.3.1/../../../../arm-none-eabi/lib/thumb/v7e-m/fpv4-sp/hard\libc_nano.a(lib_a-memset.o)
 .ARM.attributes
                0x00000000000006a9       0x22 c:/st/stm32cubeide_1.3.0/stm32cubeide/plugins/com.st.stm32cube.ide.mcu.externaltools.gnu-tools-for-stm32.7-2018-q2-update.win32_1.5.0.202011040924/tools/bin/../lib/gcc/arm-none-eabi/7.3.1/thumb/v7e-m/fpv4-sp/hard\libgcc.a(_arm_addsubdf3.o)
 .ARM.attributes
                0x00000000000006cb       0x22 c:/st/stm32cubeide_1.3.0/stm32cubeide/plugins/com.st.stm32cube.ide.mcu.externaltools.gnu-tools-for-stm32.7-2018-q2-update.win32_1.5.0.202011040924/tools/bin/../lib/gcc/arm-none-eabi/7.3.1/thumb/v7e-m/fpv4-sp/hard\libgcc.a(_arm_muldivdf3.o)
 .ARM.attributes
                0x00000000000006ed       0x22 c:/st/stm32cubeide_1.3.0/stm32cubeide/plugins/com.st.stm32cube.ide.mcu.externaltools.gnu-tools-for-stm32.7-2018-q2-update.win32_1.5.0.202011040924/tools/bin/../lib/gcc/arm-none-eabi/7.3.1/thumb/v7e-m/fpv4-sp/hard\libgcc.a(_arm_fixunsdfsi.o)
 .ARM.attributes
                0x000000000000070f       0x22 c:/st/stm32cubeide_1.3.0/stm32cubeide/plugins/com.st.stm32cube.ide.mcu.externaltools.gnu-tools-for-stm32.7-2018-q2-update.win32_1.5.0.202011040924/tools/bin/../lib/gcc/arm-none-eabi/7.3.1/thumb/v7e-m/fpv4-sp/hard\libgcc.a(_arm_truncdfsf2.o)
 .ARM.attributes
                0x0000000000000731       0x22 c:/st/stm32cubeide_1.3.0/stm32cubeide/plugins/com.st.stm32cube.ide.mcu.externaltools.gnu-tools-for-stm32.7-2018-q2-update.win32_1.5.0.202011040924/tools/bin/../lib/gcc/arm-none-eabi/7.3.1/thumb/v7e-m/fpv4-sp/hard\libgcc.a(_aeabi_uldivmod.o)
 .ARM.attributes
                0x0000000000000753       0x34 c:/st/stm32cubeide_1.3.0/stm32cubeide/plugins/com.st.stm32cube.ide.mcu.externaltools.gnu-tools-for-stm32.7-2018-q2-update.win32_1.5.0.202011040924/tools/bin/../lib/gcc/arm-none-eabi/7.3.1/thumb/v7e-m/fpv4-sp/hard\libgcc.a(_udivmoddi4.o)
 .ARM.attributes
                0x0000000000000787       0x22 c:/st/stm32cubeide_1.3.0/stm32cubeide/plugins/com.st.stm32cube.ide.mcu.externaltools.gnu-tools-for-stm32.7-2018-q2-update.win32_1.5.0.202011040924/tools/bin/../lib/gcc/arm-none-eabi/7.3.1/thumb/v7e-m/fpv4-sp/hard\libgcc.a(_dvmd_tls.o)
 .ARM.attributes
                0x00000000000007a9       0x22 c:/st/stm32cubeide_1.3.0/stm32cubeide/plugins/com.st.stm32cube.ide.mcu.externaltools.gnu-tools-for-stm32.7-2018-q2-update.win32_1.5.0.202011040924/tools/bin/../lib/gcc/arm-none-eabi/7.3.1/thumb/v7e-m/fpv4-sp/hard/crtn.o
OUTPUT(STM32f439ZIT6U Aether Light.elf elf32-littlearm)

.debug_info     0x0000000000000000    0x12fcb
 .debug_info    0x0000000000000000      0xc6b Core/Src/adc.o
 .debug_info    0x0000000000000c6b      0x911 Core/Src/dac.o
 .debug_info    0x000000000000157c      0x5dc Core/Src/dma.o
 .debug_info    0x0000000000001b58      0x77a Core/Src/gpio.o
 .debug_info    0x00000000000022d2      0xa7d Core/Src/i2c.o
 .debug_info    0x0000000000002d4f     0x27fd Core/Src/main.o
 .debug_info    0x000000000000554c      0x54a Core/Src/rtc.o
 .debug_info    0x0000000000005a96      0x959 Core/Src/sfm3000.o
 .debug_info    0x00000000000063ef      0x37c Core/Src/stm32f4xx_hal_msp.o
 .debug_info    0x000000000000676b      0x9aa Core/Src/stm32f4xx_it.o
 .debug_info    0x0000000000007115      0x56e Core/Src/system_stm32f4xx.o
 .debug_info    0x0000000000007683      0xcca Core/Src/usart.o
 .debug_info    0x000000000000834d       0x22 Core/Startup/startup_stm32f439zitx.o
 .debug_info    0x000000000000836f      0x9bf Drivers/STM32F4xx_HAL_Driver/Src/stm32f4xx_hal.o
 .debug_info    0x0000000000008d2e      0xcee Drivers/STM32F4xx_HAL_Driver/Src/stm32f4xx_hal_adc.o
 .debug_info    0x0000000000009a1c      0xb66 Drivers/STM32F4xx_HAL_Driver/Src/stm32f4xx_hal_adc_ex.o
 .debug_info    0x000000000000a582      0xe64 Drivers/STM32F4xx_HAL_Driver/Src/stm32f4xx_hal_cortex.o
 .debug_info    0x000000000000b3e6      0xa3a Drivers/STM32F4xx_HAL_Driver/Src/stm32f4xx_hal_dac.o
 .debug_info    0x000000000000be20      0x968 Drivers/STM32F4xx_HAL_Driver/Src/stm32f4xx_hal_dma.o
 .debug_info    0x000000000000c788      0x7cf Drivers/STM32F4xx_HAL_Driver/Src/stm32f4xx_hal_gpio.o
 .debug_info    0x000000000000cf57     0x2433 Drivers/STM32F4xx_HAL_Driver/Src/stm32f4xx_hal_i2c.o
 .debug_info    0x000000000000f38a      0x719 Drivers/STM32F4xx_HAL_Driver/Src/stm32f4xx_hal_i2c_ex.o
 .debug_info    0x000000000000faa3      0x747 Drivers/STM32F4xx_HAL_Driver/Src/stm32f4xx_hal_pwr_ex.o
 .debug_info    0x00000000000101ea      0x91e Drivers/STM32F4xx_HAL_Driver/Src/stm32f4xx_hal_rcc.o
 .debug_info    0x0000000000010b08      0x6bc Drivers/STM32F4xx_HAL_Driver/Src/stm32f4xx_hal_rcc_ex.o
 .debug_info    0x00000000000111c4      0xbbb Drivers/STM32F4xx_HAL_Driver/Src/stm32f4xx_hal_rtc.o
 .debug_info    0x0000000000011d7f     0x124c Drivers/STM32F4xx_HAL_Driver/Src/stm32f4xx_hal_uart.o

.debug_abbrev   0x0000000000000000     0x2e40
 .debug_abbrev  0x0000000000000000      0x1b3 Core/Src/adc.o
 .debug_abbrev  0x00000000000001b3      0x199 Core/Src/dac.o
 .debug_abbrev  0x000000000000034c      0x112 Core/Src/dma.o
 .debug_abbrev  0x000000000000045e      0x13d Core/Src/gpio.o
 .debug_abbrev  0x000000000000059b      0x199 Core/Src/i2c.o
 .debug_abbrev  0x0000000000000734      0x2b6 Core/Src/main.o
 .debug_abbrev  0x00000000000009ea      0x141 Core/Src/rtc.o
 .debug_abbrev  0x0000000000000b2b      0x1c3 Core/Src/sfm3000.o
 .debug_abbrev  0x0000000000000cee      0x109 Core/Src/stm32f4xx_hal_msp.o
 .debug_abbrev  0x0000000000000df7      0x170 Core/Src/stm32f4xx_it.o
 .debug_abbrev  0x0000000000000f67      0x12b Core/Src/system_stm32f4xx.o
 .debug_abbrev  0x0000000000001092      0x1b3 Core/Src/usart.o
 .debug_abbrev  0x0000000000001245       0x12 Core/Startup/startup_stm32f439zitx.o
 .debug_abbrev  0x0000000000001257      0x1c7 Drivers/STM32F4xx_HAL_Driver/Src/stm32f4xx_hal.o
 .debug_abbrev  0x000000000000141e      0x205 Drivers/STM32F4xx_HAL_Driver/Src/stm32f4xx_hal_adc.o
 .debug_abbrev  0x0000000000001623      0x21c Drivers/STM32F4xx_HAL_Driver/Src/stm32f4xx_hal_adc_ex.o
 .debug_abbrev  0x000000000000183f      0x2fa Drivers/STM32F4xx_HAL_Driver/Src/stm32f4xx_hal_cortex.o
 .debug_abbrev  0x0000000000001b39      0x1e4 Drivers/STM32F4xx_HAL_Driver/Src/stm32f4xx_hal_dac.o
 .debug_abbrev  0x0000000000001d1d      0x229 Drivers/STM32F4xx_HAL_Driver/Src/stm32f4xx_hal_dma.o
 .debug_abbrev  0x0000000000001f46      0x1c9 Drivers/STM32F4xx_HAL_Driver/Src/stm32f4xx_hal_gpio.o
 .debug_abbrev  0x000000000000210f      0x254 Drivers/STM32F4xx_HAL_Driver/Src/stm32f4xx_hal_i2c.o
 .debug_abbrev  0x0000000000002363      0x16d Drivers/STM32F4xx_HAL_Driver/Src/stm32f4xx_hal_i2c_ex.o
 .debug_abbrev  0x00000000000024d0      0x1b8 Drivers/STM32F4xx_HAL_Driver/Src/stm32f4xx_hal_pwr_ex.o
 .debug_abbrev  0x0000000000002688      0x245 Drivers/STM32F4xx_HAL_Driver/Src/stm32f4xx_hal_rcc.o
 .debug_abbrev  0x00000000000028cd      0x173 Drivers/STM32F4xx_HAL_Driver/Src/stm32f4xx_hal_rcc_ex.o
 .debug_abbrev  0x0000000000002a40      0x1be Drivers/STM32F4xx_HAL_Driver/Src/stm32f4xx_hal_rtc.o
 .debug_abbrev  0x0000000000002bfe      0x242 Drivers/STM32F4xx_HAL_Driver/Src/stm32f4xx_hal_uart.o

.debug_aranges  0x0000000000000000      0xf30
 .debug_aranges
                0x0000000000000000       0x30 Core/Src/adc.o
 .debug_aranges
                0x0000000000000030       0x30 Core/Src/dac.o
 .debug_aranges
                0x0000000000000060       0x20 Core/Src/dma.o
 .debug_aranges
                0x0000000000000080       0x20 Core/Src/gpio.o
 .debug_aranges
                0x00000000000000a0       0x38 Core/Src/i2c.o
 .debug_aranges
                0x00000000000000d8       0xa0 Core/Src/main.o
 .debug_aranges
                0x0000000000000178       0x30 Core/Src/rtc.o
 .debug_aranges
                0x00000000000001a8       0x60 Core/Src/sfm3000.o
 .debug_aranges
                0x0000000000000208       0x20 Core/Src/stm32f4xx_hal_msp.o
 .debug_aranges
                0x0000000000000228       0xb0 Core/Src/stm32f4xx_it.o
 .debug_aranges
                0x00000000000002d8       0x28 Core/Src/system_stm32f4xx.o
 .debug_aranges
                0x0000000000000300       0x40 Core/Src/usart.o
 .debug_aranges
                0x0000000000000340       0x28 Core/Startup/startup_stm32f439zitx.o
 .debug_aranges
                0x0000000000000368      0x100 Drivers/STM32F4xx_HAL_Driver/Src/stm32f4xx_hal.o
 .debug_aranges
                0x0000000000000468       0xe8 Drivers/STM32F4xx_HAL_Driver/Src/stm32f4xx_hal_adc.o
 .debug_aranges
                0x0000000000000550       0x90 Drivers/STM32F4xx_HAL_Driver/Src/stm32f4xx_hal_adc_ex.o
 .debug_aranges
                0x00000000000005e0      0x118 Drivers/STM32F4xx_HAL_Driver/Src/stm32f4xx_hal_cortex.o
 .debug_aranges
                0x00000000000006f8       0xc0 Drivers/STM32F4xx_HAL_Driver/Src/stm32f4xx_hal_dac.o
 .debug_aranges
                0x00000000000007b8       0x90 Drivers/STM32F4xx_HAL_Driver/Src/stm32f4xx_hal_dma.o
 .debug_aranges
                0x0000000000000848       0x58 Drivers/STM32F4xx_HAL_Driver/Src/stm32f4xx_hal_gpio.o
 .debug_aranges
                0x00000000000008a0      0x2a0 Drivers/STM32F4xx_HAL_Driver/Src/stm32f4xx_hal_i2c.o
 .debug_aranges
                0x0000000000000b40       0x28 Drivers/STM32F4xx_HAL_Driver/Src/stm32f4xx_hal_i2c_ex.o
 .debug_aranges
                0x0000000000000b68       0x60 Drivers/STM32F4xx_HAL_Driver/Src/stm32f4xx_hal_pwr_ex.o
 .debug_aranges
                0x0000000000000bc8       0x88 Drivers/STM32F4xx_HAL_Driver/Src/stm32f4xx_hal_rcc.o
 .debug_aranges
                0x0000000000000c50       0x58 Drivers/STM32F4xx_HAL_Driver/Src/stm32f4xx_hal_rcc_ex.o
 .debug_aranges
                0x0000000000000ca8       0xb8 Drivers/STM32F4xx_HAL_Driver/Src/stm32f4xx_hal_rtc.o
 .debug_aranges
                0x0000000000000d60      0x1d0 Drivers/STM32F4xx_HAL_Driver/Src/stm32f4xx_hal_uart.o

.debug_ranges   0x0000000000000000      0xdb0
 .debug_ranges  0x0000000000000000       0x20 Core/Src/adc.o
 .debug_ranges  0x0000000000000020       0x20 Core/Src/dac.o
 .debug_ranges  0x0000000000000040       0x10 Core/Src/dma.o
 .debug_ranges  0x0000000000000050       0x10 Core/Src/gpio.o
 .debug_ranges  0x0000000000000060       0x28 Core/Src/i2c.o
 .debug_ranges  0x0000000000000088       0x90 Core/Src/main.o
 .debug_ranges  0x0000000000000118       0x20 Core/Src/rtc.o
 .debug_ranges  0x0000000000000138       0x50 Core/Src/sfm3000.o
 .debug_ranges  0x0000000000000188       0x10 Core/Src/stm32f4xx_hal_msp.o
 .debug_ranges  0x0000000000000198       0xa0 Core/Src/stm32f4xx_it.o
 .debug_ranges  0x0000000000000238       0x18 Core/Src/system_stm32f4xx.o
 .debug_ranges  0x0000000000000250       0x30 Core/Src/usart.o
 .debug_ranges  0x0000000000000280       0x20 Core/Startup/startup_stm32f439zitx.o
 .debug_ranges  0x00000000000002a0       0xf0 Drivers/STM32F4xx_HAL_Driver/Src/stm32f4xx_hal.o
 .debug_ranges  0x0000000000000390       0xd8 Drivers/STM32F4xx_HAL_Driver/Src/stm32f4xx_hal_adc.o
 .debug_ranges  0x0000000000000468       0x80 Drivers/STM32F4xx_HAL_Driver/Src/stm32f4xx_hal_adc_ex.o
 .debug_ranges  0x00000000000004e8      0x108 Drivers/STM32F4xx_HAL_Driver/Src/stm32f4xx_hal_cortex.o
 .debug_ranges  0x00000000000005f0       0xb0 Drivers/STM32F4xx_HAL_Driver/Src/stm32f4xx_hal_dac.o
 .debug_ranges  0x00000000000006a0       0x80 Drivers/STM32F4xx_HAL_Driver/Src/stm32f4xx_hal_dma.o
 .debug_ranges  0x0000000000000720       0x48 Drivers/STM32F4xx_HAL_Driver/Src/stm32f4xx_hal_gpio.o
 .debug_ranges  0x0000000000000768      0x2b8 Drivers/STM32F4xx_HAL_Driver/Src/stm32f4xx_hal_i2c.o
 .debug_ranges  0x0000000000000a20       0x18 Drivers/STM32F4xx_HAL_Driver/Src/stm32f4xx_hal_i2c_ex.o
 .debug_ranges  0x0000000000000a38       0x50 Drivers/STM32F4xx_HAL_Driver/Src/stm32f4xx_hal_pwr_ex.o
 .debug_ranges  0x0000000000000a88       0x78 Drivers/STM32F4xx_HAL_Driver/Src/stm32f4xx_hal_rcc.o
 .debug_ranges  0x0000000000000b00       0x48 Drivers/STM32F4xx_HAL_Driver/Src/stm32f4xx_hal_rcc_ex.o
 .debug_ranges  0x0000000000000b48       0xa8 Drivers/STM32F4xx_HAL_Driver/Src/stm32f4xx_hal_rtc.o
 .debug_ranges  0x0000000000000bf0      0x1c0 Drivers/STM32F4xx_HAL_Driver/Src/stm32f4xx_hal_uart.o

.debug_macro    0x0000000000000000     0x480c
 .debug_macro   0x0000000000000000      0x237 Core/Src/adc.o
 .debug_macro   0x0000000000000237      0x237 Core/Src/dac.o
 .debug_macro   0x000000000000046e      0x237 Core/Src/dma.o
 .debug_macro   0x00000000000006a5      0x237 Core/Src/gpio.o
 .debug_macro   0x00000000000008dc      0x237 Core/Src/i2c.o
 .debug_macro   0x0000000000000b13      0x45a Core/Src/main.o
 .debug_macro   0x0000000000000f6d       0x46 Core/Src/main.o
 .debug_macro   0x0000000000000fb3       0x18 Core/Src/main.o
 .debug_macro   0x0000000000000fcb       0x3c Core/Src/main.o
 .debug_macro   0x0000000000001007       0x34 Core/Src/main.o
 .debug_macro   0x000000000000103b       0x52 Core/Src/main.o
 .debug_macro   0x000000000000108d       0x1f Core/Src/main.o
 .debug_macro   0x00000000000010ac       0x43 Core/Src/main.o
 .debug_macro   0x00000000000010ef       0x20 Core/Src/main.o
 .debug_macro   0x000000000000110f      0x1a3 Core/Src/main.o
 .debug_macro   0x00000000000012b2      0x32a Core/Src/main.o
 .debug_macro   0x00000000000015dc       0x10 Core/Src/main.o
 .debug_macro   0x00000000000015ec       0x35 Core/Src/main.o
 .debug_macro   0x0000000000001621       0x20 Core/Src/main.o
 .debug_macro   0x0000000000001641       0x1c Core/Src/main.o
 .debug_macro   0x000000000000165d       0x10 Core/Src/main.o
 .debug_macro   0x000000000000166d       0x10 Core/Src/main.o
 .debug_macro   0x000000000000167d       0x1c Core/Src/main.o
 .debug_macro   0x0000000000001699       0x52 Core/Src/main.o
 .debug_macro   0x00000000000016eb       0x40 Core/Src/main.o
 .debug_macro   0x000000000000172b       0x10 Core/Src/main.o
 .debug_macro   0x000000000000173b       0x40 Core/Src/main.o
 .debug_macro   0x000000000000177b       0xd7 Core/Src/main.o
 .debug_macro   0x0000000000001852       0x1c Core/Src/main.o
 .debug_macro   0x000000000000186e       0x3d Core/Src/main.o
 .debug_macro   0x00000000000018ab       0x16 Core/Src/main.o
 .debug_macro   0x00000000000018c1      0x145 Core/Src/main.o
 .debug_macro   0x0000000000001a06       0x22 Core/Src/main.o
 .debug_macro   0x0000000000001a28      0x1e1 Core/Src/main.o
 .debug_macro   0x0000000000001c09      0x237 Core/Src/rtc.o
 .debug_macro   0x0000000000001e40      0x246 Core/Src/sfm3000.o
 .debug_macro   0x0000000000002086      0x22d Core/Src/stm32f4xx_hal_msp.o
 .debug_macro   0x00000000000022b3      0x237 Core/Src/stm32f4xx_it.o
 .debug_macro   0x00000000000024ea      0x224 Core/Src/system_stm32f4xx.o
 .debug_macro   0x000000000000270e      0x237 Core/Src/usart.o
 .debug_macro   0x0000000000002945      0x27e Drivers/STM32F4xx_HAL_Driver/Src/stm32f4xx_hal.o
 .debug_macro   0x0000000000002bc3      0x21f Drivers/STM32F4xx_HAL_Driver/Src/stm32f4xx_hal_adc.o
 .debug_macro   0x0000000000002de2      0x21e Drivers/STM32F4xx_HAL_Driver/Src/stm32f4xx_hal_adc_ex.o
 .debug_macro   0x0000000000003000      0x21e Drivers/STM32F4xx_HAL_Driver/Src/stm32f4xx_hal_cortex.o
 .debug_macro   0x000000000000321e      0x21f Drivers/STM32F4xx_HAL_Driver/Src/stm32f4xx_hal_dac.o
 .debug_macro   0x000000000000343d      0x224 Drivers/STM32F4xx_HAL_Driver/Src/stm32f4xx_hal_dma.o
 .debug_macro   0x0000000000003661      0x254 Drivers/STM32F4xx_HAL_Driver/Src/stm32f4xx_hal_gpio.o
 .debug_macro   0x00000000000038b5      0x265 Drivers/STM32F4xx_HAL_Driver/Src/stm32f4xx_hal_i2c.o
 .debug_macro   0x0000000000003b1a      0x21e Drivers/STM32F4xx_HAL_Driver/Src/stm32f4xx_hal_i2c_ex.o
 .debug_macro   0x0000000000003d38      0x236 Drivers/STM32F4xx_HAL_Driver/Src/stm32f4xx_hal_pwr_ex.o
 .debug_macro   0x0000000000003f6e      0x242 Drivers/STM32F4xx_HAL_Driver/Src/stm32f4xx_hal_rcc.o
 .debug_macro   0x00000000000041b0      0x21e Drivers/STM32F4xx_HAL_Driver/Src/stm32f4xx_hal_rcc_ex.o
 .debug_macro   0x00000000000043ce      0x21f Drivers/STM32F4xx_HAL_Driver/Src/stm32f4xx_hal_rtc.o
 .debug_macro   0x00000000000045ed      0x21f Drivers/STM32F4xx_HAL_Driver/Src/stm32f4xx_hal_uart.o

.debug_line     0x0000000000000000    0x10293
 .debug_line    0x0000000000000000      0x79e Core/Src/adc.o
 .debug_line    0x000000000000079e      0x782 Core/Src/dac.o
 .debug_line    0x0000000000000f20      0x758 Core/Src/dma.o
 .debug_line    0x0000000000001678      0x773 Core/Src/gpio.o
 .debug_line    0x0000000000001deb      0x7c6 Core/Src/i2c.o
 .debug_line    0x00000000000025b1      0xc08 Core/Src/main.o
 .debug_line    0x00000000000031b9      0x77a Core/Src/rtc.o
 .debug_line    0x0000000000003933      0x824 Core/Src/sfm3000.o
 .debug_line    0x0000000000004157      0x754 Core/Src/stm32f4xx_hal_msp.o
 .debug_line    0x00000000000048ab      0x8ac Core/Src/stm32f4xx_it.o
 .debug_line    0x0000000000005157      0x76f Core/Src/system_stm32f4xx.o
 .debug_line    0x00000000000058c6      0x82a Core/Src/usart.o
 .debug_line    0x00000000000060f0       0x85 Core/Startup/startup_stm32f439zitx.o
 .debug_line    0x0000000000006175      0x97d Drivers/STM32F4xx_HAL_Driver/Src/stm32f4xx_hal.o
 .debug_line    0x0000000000006af2      0xbc0 Drivers/STM32F4xx_HAL_Driver/Src/stm32f4xx_hal_adc.o
 .debug_line    0x00000000000076b2      0xa5c Drivers/STM32F4xx_HAL_Driver/Src/stm32f4xx_hal_adc_ex.o
 .debug_line    0x000000000000810e      0xa7d Drivers/STM32F4xx_HAL_Driver/Src/stm32f4xx_hal_cortex.o
 .debug_line    0x0000000000008b8b      0x9ad Drivers/STM32F4xx_HAL_Driver/Src/stm32f4xx_hal_dac.o
 .debug_line    0x0000000000009538      0xa27 Drivers/STM32F4xx_HAL_Driver/Src/stm32f4xx_hal_dma.o
 .debug_line    0x0000000000009f5f      0x960 Drivers/STM32F4xx_HAL_Driver/Src/stm32f4xx_hal_gpio.o
 .debug_line    0x000000000000a8bf     0x1c07 Drivers/STM32F4xx_HAL_Driver/Src/stm32f4xx_hal_i2c.o
 .debug_line    0x000000000000c4c6      0x789 Drivers/STM32F4xx_HAL_Driver/Src/stm32f4xx_hal_i2c_ex.o
 .debug_line    0x000000000000cc4f      0x84b Drivers/STM32F4xx_HAL_Driver/Src/stm32f4xx_hal_pwr_ex.o
 .debug_line    0x000000000000d49a      0x9b1 Drivers/STM32F4xx_HAL_Driver/Src/stm32f4xx_hal_rcc.o
 .debug_line    0x000000000000de4b      0x8f8 Drivers/STM32F4xx_HAL_Driver/Src/stm32f4xx_hal_rcc_ex.o
 .debug_line    0x000000000000e743      0xae9 Drivers/STM32F4xx_HAL_Driver/Src/stm32f4xx_hal_rtc.o
 .debug_line    0x000000000000f22c     0x1067 Drivers/STM32F4xx_HAL_Driver/Src/stm32f4xx_hal_uart.o

.debug_str      0x0000000000000000    0xe30c5
 .debug_str     0x0000000000000000    0xda4ba Core/Src/adc.o
                                      0xda838 (size before relaxing)
 .debug_str     0x00000000000da4ba      0x195 Core/Src/dac.o
                                      0xda255 (size before relaxing)
 .debug_str     0x00000000000da64f       0x29 Core/Src/dma.o
                                      0xda34f (size before relaxing)
 .debug_str     0x00000000000da678       0x48 Core/Src/gpio.o
                                      0xda3ef (size before relaxing)
 .debug_str     0x00000000000da6c0      0x2ce Core/Src/i2c.o
                                      0xda3ab (size before relaxing)
 .debug_str     0x00000000000da98e     0x55c2 Core/Src/main.o
                                      0xdfcee (size before relaxing)
 .debug_str     0x00000000000dff50       0x4a Core/Src/rtc.o
                                      0xd9f4f (size before relaxing)
 .debug_str     0x00000000000dff9a      0x17f Core/Src/sfm3000.o
                                      0xda48e (size before relaxing)
 .debug_str     0x00000000000e0119       0x2c Core/Src/stm32f4xx_hal_msp.o
                                      0xd9df6 (size before relaxing)
 .debug_str     0x00000000000e0145      0x1bd Core/Src/stm32f4xx_it.o
                                      0xda434 (size before relaxing)
 .debug_str     0x00000000000e0302       0xc4 Core/Src/system_stm32f4xx.o
                                      0xd9cf5 (size before relaxing)
 .debug_str     0x00000000000e03c6       0x7f Core/Src/usart.o
                                      0xda8a1 (size before relaxing)
 .debug_str     0x00000000000e0445       0x36 Core/Startup/startup_stm32f439zitx.o
                                         0xd5 (size before relaxing)
 .debug_str     0x00000000000e047b      0x5c8 Drivers/STM32F4xx_HAL_Driver/Src/stm32f4xx_hal.o
                                      0xda86b (size before relaxing)
 .debug_str     0x00000000000e0a43      0x281 Drivers/STM32F4xx_HAL_Driver/Src/stm32f4xx_hal_adc.o
                                      0xda279 (size before relaxing)
 .debug_str     0x00000000000e0cc4      0x302 Drivers/STM32F4xx_HAL_Driver/Src/stm32f4xx_hal_adc_ex.o
                                      0xda2b3 (size before relaxing)
 .debug_str     0x00000000000e0fc6      0x392 Drivers/STM32F4xx_HAL_Driver/Src/stm32f4xx_hal_cortex.o
                                      0xda60c (size before relaxing)
 .debug_str     0x00000000000e1358      0x1bd Drivers/STM32F4xx_HAL_Driver/Src/stm32f4xx_hal_dac.o
                                      0xda106 (size before relaxing)
 .debug_str     0x00000000000e1515      0x31d Drivers/STM32F4xx_HAL_Driver/Src/stm32f4xx_hal_dma.o
                                      0xda0f7 (size before relaxing)
 .debug_str     0x00000000000e1832      0x1ec Drivers/STM32F4xx_HAL_Driver/Src/stm32f4xx_hal_gpio.o
                                      0xd9f34 (size before relaxing)
 .debug_str     0x00000000000e1a1e      0xab3 Drivers/STM32F4xx_HAL_Driver/Src/stm32f4xx_hal_i2c.o
                                      0xdac54 (size before relaxing)
 .debug_str     0x00000000000e24d1       0x3b Drivers/STM32F4xx_HAL_Driver/Src/stm32f4xx_hal_i2c_ex.o
                                      0xda0db (size before relaxing)
 .debug_str     0x00000000000e250c      0x12d Drivers/STM32F4xx_HAL_Driver/Src/stm32f4xx_hal_pwr_ex.o
                                      0xd9ed8 (size before relaxing)
 .debug_str     0x00000000000e2639      0x24e Drivers/STM32F4xx_HAL_Driver/Src/stm32f4xx_hal_rcc.o
                                      0xda0e2 (size before relaxing)
 .debug_str     0x00000000000e2887      0x145 Drivers/STM32F4xx_HAL_Driver/Src/stm32f4xx_hal_rcc_ex.o
                                      0xd9ed3 (size before relaxing)
 .debug_str     0x00000000000e29cc      0x21c Drivers/STM32F4xx_HAL_Driver/Src/stm32f4xx_hal_rtc.o
                                      0xda08f (size before relaxing)
 .debug_str     0x00000000000e2be8      0x4dd Drivers/STM32F4xx_HAL_Driver/Src/stm32f4xx_hal_uart.o
                                      0xda52e (size before relaxing)

.comment        0x0000000000000000       0x7b
 .comment       0x0000000000000000       0x7b Core/Src/adc.o
                                         0x7c (size before relaxing)
 .comment       0x000000000000007b       0x7c Core/Src/dac.o
 .comment       0x000000000000007b       0x7c Core/Src/dma.o
 .comment       0x000000000000007b       0x7c Core/Src/gpio.o
 .comment       0x000000000000007b       0x7c Core/Src/i2c.o
 .comment       0x000000000000007b       0x7c Core/Src/main.o
 .comment       0x000000000000007b       0x7c Core/Src/rtc.o
 .comment       0x000000000000007b       0x7c Core/Src/sfm3000.o
 .comment       0x000000000000007b       0x7c Core/Src/stm32f4xx_hal_msp.o
 .comment       0x000000000000007b       0x7c Core/Src/stm32f4xx_it.o
 .comment       0x000000000000007b       0x7c Core/Src/system_stm32f4xx.o
 .comment       0x000000000000007b       0x7c Core/Src/usart.o
 .comment       0x000000000000007b       0x7c Drivers/STM32F4xx_HAL_Driver/Src/stm32f4xx_hal.o
 .comment       0x000000000000007b       0x7c Drivers/STM32F4xx_HAL_Driver/Src/stm32f4xx_hal_adc.o
 .comment       0x000000000000007b       0x7c Drivers/STM32F4xx_HAL_Driver/Src/stm32f4xx_hal_adc_ex.o
 .comment       0x000000000000007b       0x7c Drivers/STM32F4xx_HAL_Driver/Src/stm32f4xx_hal_cortex.o
 .comment       0x000000000000007b       0x7c Drivers/STM32F4xx_HAL_Driver/Src/stm32f4xx_hal_dac.o
 .comment       0x000000000000007b       0x7c Drivers/STM32F4xx_HAL_Driver/Src/stm32f4xx_hal_dma.o
 .comment       0x000000000000007b       0x7c Drivers/STM32F4xx_HAL_Driver/Src/stm32f4xx_hal_gpio.o
 .comment       0x000000000000007b       0x7c Drivers/STM32F4xx_HAL_Driver/Src/stm32f4xx_hal_i2c.o
 .comment       0x000000000000007b       0x7c Drivers/STM32F4xx_HAL_Driver/Src/stm32f4xx_hal_i2c_ex.o
 .comment       0x000000000000007b       0x7c Drivers/STM32F4xx_HAL_Driver/Src/stm32f4xx_hal_pwr_ex.o
 .comment       0x000000000000007b       0x7c Drivers/STM32F4xx_HAL_Driver/Src/stm32f4xx_hal_rcc.o
 .comment       0x000000000000007b       0x7c Drivers/STM32F4xx_HAL_Driver/Src/stm32f4xx_hal_rcc_ex.o
 .comment       0x000000000000007b       0x7c Drivers/STM32F4xx_HAL_Driver/Src/stm32f4xx_hal_rtc.o
 .comment       0x000000000000007b       0x7c Drivers/STM32F4xx_HAL_Driver/Src/stm32f4xx_hal_uart.o

.debug_frame    0x0000000000000000     0x3da0
 .debug_frame   0x0000000000000000       0x7c Core/Src/adc.o
 .debug_frame   0x000000000000007c       0x7c Core/Src/dac.o
 .debug_frame   0x00000000000000f8       0x34 Core/Src/dma.o
 .debug_frame   0x000000000000012c       0x34 Core/Src/gpio.o
 .debug_frame   0x0000000000000160       0x90 Core/Src/i2c.o
 .debug_frame   0x00000000000001f0      0x29c Core/Src/main.o
 .debug_frame   0x000000000000048c       0x7c Core/Src/rtc.o
 .debug_frame   0x0000000000000508      0x158 Core/Src/sfm3000.o
 .debug_frame   0x0000000000000660       0x38 Core/Src/stm32f4xx_hal_msp.o
 .debug_frame   0x0000000000000698      0x224 Core/Src/stm32f4xx_it.o
 .debug_frame   0x00000000000008bc       0x58 Core/Src/system_stm32f4xx.o
 .debug_frame   0x0000000000000914       0xb0 Core/Src/usart.o
 .debug_frame   0x00000000000009c4      0x3b4 Drivers/STM32F4xx_HAL_Driver/Src/stm32f4xx_hal.o
 .debug_frame   0x0000000000000d78      0x3fc Drivers/STM32F4xx_HAL_Driver/Src/stm32f4xx_hal_adc.o
 .debug_frame   0x0000000000001174      0x250 Drivers/STM32F4xx_HAL_Driver/Src/stm32f4xx_hal_adc_ex.o
 .debug_frame   0x00000000000013c4      0x498 Drivers/STM32F4xx_HAL_Driver/Src/stm32f4xx_hal_cortex.o
 .debug_frame   0x000000000000185c      0x338 Drivers/STM32F4xx_HAL_Driver/Src/stm32f4xx_hal_dac.o
 .debug_frame   0x0000000000001b94      0x250 Drivers/STM32F4xx_HAL_Driver/Src/stm32f4xx_hal_dma.o
 .debug_frame   0x0000000000001de4      0x14c Drivers/STM32F4xx_HAL_Driver/Src/stm32f4xx_hal_gpio.o
 .debug_frame   0x0000000000001f30      0xc5c Drivers/STM32F4xx_HAL_Driver/Src/stm32f4xx_hal_i2c.o
 .debug_frame   0x0000000000002b8c       0x60 Drivers/STM32F4xx_HAL_Driver/Src/stm32f4xx_hal_i2c_ex.o
 .debug_frame   0x0000000000002bec      0x14c Drivers/STM32F4xx_HAL_Driver/Src/stm32f4xx_hal_pwr_ex.o
 .debug_frame   0x0000000000002d38      0x1f0 Drivers/STM32F4xx_HAL_Driver/Src/stm32f4xx_hal_rcc.o
 .debug_frame   0x0000000000002f28      0x13c Drivers/STM32F4xx_HAL_Driver/Src/stm32f4xx_hal_rcc_ex.o
 .debug_frame   0x0000000000003064      0x308 Drivers/STM32F4xx_HAL_Driver/Src/stm32f4xx_hal_rtc.o
 .debug_frame   0x000000000000336c      0x844 Drivers/STM32F4xx_HAL_Driver/Src/stm32f4xx_hal_uart.o
 .debug_frame   0x0000000000003bb0       0x2c c:/st/stm32cubeide_1.3.0/stm32cubeide/plugins/com.st.stm32cube.ide.mcu.externaltools.gnu-tools-for-stm32.7-2018-q2-update.win32_1.5.0.202011040924/tools/bin/../lib/gcc/arm-none-eabi/7.3.1/../../../../arm-none-eabi/lib/thumb/v7e-m/fpv4-sp/hard\libc_nano.a(lib_a-init.o)
 .debug_frame   0x0000000000003bdc       0x20 c:/st/stm32cubeide_1.3.0/stm32cubeide/plugins/com.st.stm32cube.ide.mcu.externaltools.gnu-tools-for-stm32.7-2018-q2-update.win32_1.5.0.202011040924/tools/bin/../lib/gcc/arm-none-eabi/7.3.1/../../../../arm-none-eabi/lib/thumb/v7e-m/fpv4-sp/hard\libc_nano.a(lib_a-memset.o)
 .debug_frame   0x0000000000003bfc       0xac c:/st/stm32cubeide_1.3.0/stm32cubeide/plugins/com.st.stm32cube.ide.mcu.externaltools.gnu-tools-for-stm32.7-2018-q2-update.win32_1.5.0.202011040924/tools/bin/../lib/gcc/arm-none-eabi/7.3.1/thumb/v7e-m/fpv4-sp/hard\libgcc.a(_arm_addsubdf3.o)
 .debug_frame   0x0000000000003ca8       0x50 c:/st/stm32cubeide_1.3.0/stm32cubeide/plugins/com.st.stm32cube.ide.mcu.externaltools.gnu-tools-for-stm32.7-2018-q2-update.win32_1.5.0.202011040924/tools/bin/../lib/gcc/arm-none-eabi/7.3.1/thumb/v7e-m/fpv4-sp/hard\libgcc.a(_arm_muldivdf3.o)
 .debug_frame   0x0000000000003cf8       0x24 c:/st/stm32cubeide_1.3.0/stm32cubeide/plugins/com.st.stm32cube.ide.mcu.externaltools.gnu-tools-for-stm32.7-2018-q2-update.win32_1.5.0.202011040924/tools/bin/../lib/gcc/arm-none-eabi/7.3.1/thumb/v7e-m/fpv4-sp/hard\libgcc.a(_arm_fixunsdfsi.o)
 .debug_frame   0x0000000000003d1c       0x24 c:/st/stm32cubeide_1.3.0/stm32cubeide/plugins/com.st.stm32cube.ide.mcu.externaltools.gnu-tools-for-stm32.7-2018-q2-update.win32_1.5.0.202011040924/tools/bin/../lib/gcc/arm-none-eabi/7.3.1/thumb/v7e-m/fpv4-sp/hard\libgcc.a(_arm_truncdfsf2.o)
 .debug_frame   0x0000000000003d40       0x2c c:/st/stm32cubeide_1.3.0/stm32cubeide/plugins/com.st.stm32cube.ide.mcu.externaltools.gnu-tools-for-stm32.7-2018-q2-update.win32_1.5.0.202011040924/tools/bin/../lib/gcc/arm-none-eabi/7.3.1/thumb/v7e-m/fpv4-sp/hard\libgcc.a(_aeabi_uldivmod.o)
 .debug_frame   0x0000000000003d6c       0x34 c:/st/stm32cubeide_1.3.0/stm32cubeide/plugins/com.st.stm32cube.ide.mcu.externaltools.gnu-tools-for-stm32.7-2018-q2-update.win32_1.5.0.202011040924/tools/bin/../lib/gcc/arm-none-eabi/7.3.1/thumb/v7e-m/fpv4-sp/hard\libgcc.a(_udivmoddi4.o)
